
Messages maintainer: The Vim Project
gutentags: [job stderr]: 'ctags: Notice: ignoring null tag in /run/media/lsq/winD/tmp/node.js/axios-example/node_modules/prettier/plugins/markdown.js(line: 40, language: JavaScript)'
gutentags: [job stderr]: 'ctags: Notice: ignoring null tag in /run/media/lsq/winD/tmp/node.js/axios-example/node_modules/prettier/plugins/markdown.js(line: 40, language: JavaScript)'
gutentags: [job stderr]: 'ctags: Notice: ignoring null tag in /run/media/lsq/winD/tmp/node.js/axios-example/node_modules/prettier/plugins/markdown.js(line: 40, language: JavaScript)'
gutentags: [job stderr]: 'ctags: Notice: ignoring null tag in /run/media/lsq/winD/tmp/node.js/axios-example/node_modules/prettier/plugins/markdown.js(line: 40, language: JavaScript)'
gutentags: [job stderr]: 'ctags: Notice: ignoring null tag in /run/media/lsq/winD/tmp/node.js/axios-example/node_modules/prettier/plugins/markdown.js(line: 40, language: JavaScript)'
gutentags: [job stderr]: 'ctags: Notice: ignoring null tag in /run/media/lsq/winD/tmp/node.js/axios-example/node_modules/prettier/plugins/markdown.js(line: 40, language: JavaScript)'
gutentags: [job stderr]: 'ctags: Notice: ignoring null tag in /run/media/lsq/winD/tmp/node.js/axios-example/node_modules/prettier/plugins/markdown.js(line: 40, language: JavaScript)'
gutentags: [job stderr]: 'ctags: Notice: ignoring null tag in /run/media/lsq/winD/tmp/node.js/axios-example/node_modules/prettier/plugins/markdown.js(line: 40, language: JavaScript)'
gutentags: [job stderr]: 'ctags: Notice: ignoring null tag in /run/media/lsq/winD/tmp/node.js/axios-example/node_modules/prettier/plugins/markdown.js(line: 40, language: JavaScript)'
gutentags: [job stderr]: 'ctags: Notice: ignoring null tag in /run/media/lsq/winD/tmp/node.js/axios-example/node_modules/prettier/plugins/markdown.js(line: 53, language: JavaScript)'
gutentags: [job stderr]: 'ctags: Notice: ignoring null tag in /run/media/lsq/winD/tmp/node.js/axios-example/node_modules/prettier/plugins/markdown.js(line: 53, language: JavaScript)'
gutentags: [job stderr]: 'ctags: Notice: ignoring null tag in /run/media/lsq/winD/tmp/node.js/axios-example/node_modules/prettier/plugins/markdown.mjs(line: 32, language: JavaScript)'
gutentags: [job stderr]: 'ctags: Notice: ignoring null tag in /run/media/lsq/winD/tmp/node.js/axios-example/node_modules/prettier/plugins/markdown.mjs(line: 37, language: JavaScript)'
gutentags: [job stderr]: 'ctags: Notice: ignoring null tag in /run/media/lsq/winD/tmp/node.js/axios-example/node_modules/prettier/plugins/markdown.mjs(line: 37, language: JavaScript)'
gutentags: [job stderr]: 'ctags: Notice: ignoring null tag in /run/media/lsq/winD/tmp/node.js/axios-example/node_modules/prettier/plugins/markdown.mjs(line: 40, language: JavaScript)'
gutentags: [job stderr]: 'ctags: Notice: ignoring null tag in /run/media/lsq/winD/tmp/node.js/axios-example/node_modules/prettier/plugins/markdown.mjs(line: 40, language: JavaScript)'
gutentags: [job stderr]: 'ctags: Notice: ignoring null tag in /run/media/lsq/winD/tmp/node.js/axios-example/node_modules/prettier/plugins/markdown.mjs(line: 40, language: JavaScript)'
gutentags: [job stderr]: 'ctags: Notice: ignoring null tag in /run/media/lsq/winD/tmp/node.js/axios-example/node_modules/prettier/plugins/markdown.mjs(line: 40, language: JavaScript)'
gutentags: [job stderr]: 'ctags: Notice: ignoring null tag in /run/media/lsq/winD/tmp/node.js/axios-example/node_modules/prettier/plugins/markdown.mjs(line: 40, language: JavaScript)'
gutentags: [job stderr]: 'ctags: Notice: ignoring null tag in /run/media/lsq/winD/tmp/node.js/axios-example/node_modules/prettier/plugins/markdown.mjs(line: 40, language: JavaScript)'
gutentags: [job stderr]: 'ctags: Notice: ignoring null tag in /run/media/lsq/winD/tmp/node.js/axios-example/node_modules/prettier/plugins/markdown.mjs(line: 40, language: JavaScript)'
gutentags: [job stderr]: 'ctags: Notice: ignoring null tag in /run/media/lsq/winD/tmp/node.js/axios-example/node_modules/prettier/plugins/markdown.mjs(line: 40, language: JavaScript)'
gutentags: [job stderr]: 'ctags: Notice: ignoring null tag in /run/media/lsq/winD/tmp/node.js/axios-example/node_modules/prettier/plugins/markdown.mjs(line: 40, language: JavaScript)'
gutentags: [job stderr]: 'ctags: Notice: ignoring null tag in /run/media/lsq/winD/tmp/node.js/axios-example/node_modules/prettier/plugins/markdown.mjs(line: 40, language: JavaScript)'
gutentags: [job stderr]: 'ctags: Notice: ignoring null tag in /run/media/lsq/winD/tmp/node.js/axios-example/node_modules/prettier/plugins/markdown.mjs(line: 53, language: JavaScript)'
gutentags: [job stderr]: 'ctags: Notice: ignoring null tag in /run/media/lsq/winD/tmp/node.js/axios-example/node_modules/prettier/plugins/markdown.mjs(line: 53, language: JavaScript)'
gutentags: [job stderr]: 'ctags: Notice: ignoring null tag in /run/media/lsq/winD/tmp/node.js/axios-example/node_modules/prettier/plugins/meriyah.js(line: 1, language: JavaScript)'
gutentags: [job stderr]: 'ctags: Notice: ignoring null tag in /run/media/lsq/winD/tmp/node.js/axios-example/node_modules/prettier/plugins/meriyah.js(line: 1, language: JavaScript)'
gutentags: [job stderr]: 'ctags: Notice: ignoring null tag in /run/media/lsq/winD/tmp/node.js/axios-example/node_modules/prettier/plugins/meriyah.js(line: 1, language: JavaScript)'
gutentags: [job stderr]: 'ctags: Notice: ignoring null tag in /run/media/lsq/winD/tmp/node.js/axios-example/node_modules/prettier/plugins/meriyah.js(line: 1, language: JavaScript)'
gutentags: [job stderr]: 'ctags: Notice: ignoring null tag in /run/media/lsq/winD/tmp/node.js/axios-example/node_modules/prettier/plugins/meriyah.js(line: 1, language: JavaScript)'
gutentags: [job stderr]: 'ctags: Notice: ignoring null tag in /run/media/lsq/winD/tmp/node.js/axios-example/node_modules/prettier/plugins/meriyah.js(line: 1, language: JavaScript)'
gutentags: [job stderr]: 'ctags: Notice: ignoring null tag in /run/media/lsq/winD/tmp/node.js/axios-example/node_modules/prettier/plugins/meriyah.js(line: 1, language: JavaScript)'
gutentags: [job stderr]: 'ctags: Notice: ignoring null tag in /run/media/lsq/winD/tmp/node.js/axios-example/node_modules/prettier/plugins/meriyah.js(line: 1, language: JavaScript)'
gutentags: [job stderr]: 'ctags: Notice: ignoring null tag in /run/media/lsq/winD/tmp/node.js/axios-example/node_modules/prettier/plugins/meriyah.js(line: 1, language: JavaScript)'
gutentags: [job stderr]: 'ctags: Notice: ignoring null tag in /run/media/lsq/winD/tmp/node.js/axios-example/node_modules/prettier/plugins/meriyah.js(line: 1, language: JavaScript)'
gutentags: [job stderr]: 'ctags: Notice: ignoring null tag in /run/media/lsq/winD/tmp/node.js/axios-example/node_modules/prettier/plugins/meriyah.js(line: 1, language: JavaScript)'
gutentags: [job stderr]: 'ctags: Notice: ignoring null tag in /run/media/lsq/winD/tmp/node.js/axios-example/node_modules/prettier/plugins/meriyah.js(line: 1, language: JavaScript)'
gutentags: [job stderr]: 'ctags: Notice: ignoring null tag in /run/media/lsq/winD/tmp/node.js/axios-example/node_modules/prettier/plugins/meriyah.js(line: 1, language: JavaScript)'
gutentags: [job stderr]: 'ctags: Notice: ignoring null tag in /run/media/lsq/winD/tmp/node.js/axios-example/node_modules/prettier/plugins/meriyah.js(line: 1, language: JavaScript)'
gutentags: [job stderr]: 'ctags: Notice: ignoring null tag in /run/media/lsq/winD/tmp/node.js/axios-example/node_modules/prettier/plugins/meriyah.js(line: 1, language: JavaScript)'
gutentags: [job stderr]: 'ctags: Notice: ignoring null tag in /run/media/lsq/winD/tmp/node.js/axios-example/node_modules/prettier/plugins/meriyah.js(line: 1, language: JavaScript)'
gutentags: [job stderr]: 'ctags: Notice: ignoring null tag in /run/media/lsq/winD/tmp/node.js/axios-example/node_modules/prettier/plugins/meriyah.js(line: 1, language: JavaScript)'
gutentags: [job stderr]: 'ctags: Notice: ignoring null tag in /run/media/lsq/winD/tmp/node.js/axios-example/node_modules/prettier/plugins/meriyah.js(line: 1, language: JavaScript)'
gutentags: [job stderr]: 'ctags: Notice: ignoring null tag in /run/media/lsq/winD/tmp/node.js/axios-example/node_modules/prettier/plugins/meriyah.js(line: 1, language: JavaScript)'
gutentags: [job stderr]: 'ctags: Notice: ignoring null tag in /run/media/lsq/winD/tmp/node.js/axios-example/node_modules/prettier/plugins/meriyah.js(line: 1, language: JavaScript)'
gutentags: [job stderr]: 'ctags: Notice: ignoring null tag in /run/media/lsq/winD/tmp/node.js/axios-example/node_modules/prettier/plugins/meriyah.js(line: 1, language: JavaScript)'
gutentags: [job stderr]: 'ctags: Notice: ignoring null tag in /run/media/lsq/winD/tmp/node.js/axios-example/node_modules/prettier/plugins/meriyah.js(line: 1, language: JavaScript)'
gutentags: [job stderr]: 'ctags: Notice: ignoring null tag in /run/media/lsq/winD/tmp/node.js/axios-example/node_modules/prettier/plugins/meriyah.js(line: 1, language: JavaScript)'
gutentags: [job stderr]: 'ctags: Notice: ignoring null tag in /run/media/lsq/winD/tmp/node.js/axios-example/node_modules/prettier/plugins/meriyah.js(line: 1, language: JavaScript)'
gutentags: [job stderr]: 'ctags: Notice: ignoring null tag in /run/media/lsq/winD/tmp/node.js/axios-example/node_modules/prettier/plugins/meriyah.js(line: 1, language: JavaScript)'
gutentags: [job stderr]: 'ctags: Notice: ignoring null tag in /run/media/lsq/winD/tmp/node.js/axios-example/node_modules/prettier/plugins/meriyah.js(line: 1, language: JavaScript)'
gutentags: [job stderr]: 'ctags: Notice: ignoring null tag in /run/media/lsq/winD/tmp/node.js/axios-example/node_modules/prettier/plugins/meriyah.js(line: 1, language: JavaScript)'
gutentags: [job stderr]: 'ctags: Notice: ignoring null tag in /run/media/lsq/winD/tmp/node.js/axios-example/node_modules/prettier/plugins/meriyah.js(line: 1, language: JavaScript)'
gutentags: [job stderr]: 'ctags: Notice: ignoring null tag in /run/media/lsq/winD/tmp/node.js/axios-example/node_modules/prettier/plugins/meriyah.js(line: 1, language: JavaScript)'
gutentags: [job stderr]: 'ctags: Notice: ignoring null tag in /run/media/lsq/winD/tmp/node.js/axios-example/node_modules/prettier/plugins/meriyah.js(line: 1, language: JavaScript)'
gutentags: [job stderr]: 'ctags: Notice: ignoring null tag in /run/media/lsq/winD/tmp/node.js/axios-example/node_modules/prettier/plugins/meriyah.mjs(line: 1, language: JavaScript)'
gutentags: [job stderr]: 'ctags: Notice: ignoring null tag in /run/media/lsq/winD/tmp/node.js/axios-example/node_modules/prettier/plugins/meriyah.mjs(line: 1, language: JavaScript)'
gutentags: [job stderr]: 'ctags: Notice: ignoring null tag in /run/media/lsq/winD/tmp/node.js/axios-example/node_modules/prettier/plugins/meriyah.mjs(line: 1, language: JavaScript)'
gutentags: [job stderr]: 'ctags: Notice: ignoring null tag in /run/media/lsq/winD/tmp/node.js/axios-example/node_modules/prettier/plugins/meriyah.mjs(line: 1, language: JavaScript)'
gutentags: [job stderr]: 'ctags: Notice: ignoring null tag in /run/media/lsq/winD/tmp/node.js/axios-example/node_modules/prettier/plugins/meriyah.mjs(line: 1, language: JavaScript)'
gutentags: [job stderr]: 'ctags: Notice: ignoring null tag in /run/media/lsq/winD/tmp/node.js/axios-example/node_modules/prettier/plugins/meriyah.mjs(line: 1, language: JavaScript)'
gutentags: [job stderr]: 'ctags: Notice: ignoring null tag in /run/media/lsq/winD/tmp/node.js/axios-example/node_modules/prettier/plugins/meriyah.mjs(line: 1, language: JavaScript)'
gutentags: [job stderr]: 'ctags: Notice: ignoring null tag in /run/media/lsq/winD/tmp/node.js/axios-example/node_modules/prettier/plugins/meriyah.mjs(line: 1, language: JavaScript)'
gutentags: [job stderr]: 'ctags: Notice: ignoring null tag in /run/media/lsq/winD/tmp/node.js/axios-example/node_modules/prettier/plugins/meriyah.mjs(line: 1, language: JavaScript)'
gutentags: [job stderr]: 'ctags: Notice: ignoring null tag in /run/media/lsq/winD/tmp/node.js/axios-example/node_modules/prettier/plugins/meriyah.mjs(line: 1, language: JavaScript)'
gutentags: [job stderr]: 'ctags: Notice: ignoring null tag in /run/media/lsq/winD/tmp/node.js/axios-example/node_modules/prettier/plugins/meriyah.mjs(line: 1, language: JavaScript)'
gutentags: [job stderr]: 'ctags: Notice: ignoring null tag in /run/media/lsq/winD/tmp/node.js/axios-example/node_modules/prettier/plugins/meriyah.mjs(line: 1, language: JavaScript)'
gutentags: [job stderr]: 'ctags: Notice: ignoring null tag in /run/media/lsq/winD/tmp/node.js/axios-example/node_modules/prettier/plugins/meriyah.mjs(line: 1, language: JavaScript)'
gutentags: [job stderr]: 'ctags: Notice: ignoring null tag in /run/media/lsq/winD/tmp/node.js/axios-example/node_modules/prettier/plugins/meriyah.mjs(line: 1, language: JavaScript)'
gutentags: [job stderr]: 'ctags: Notice: ignoring null tag in /run/media/lsq/winD/tmp/node.js/axios-example/node_modules/prettier/plugins/meriyah.mjs(line: 1, language: JavaScript)'
gutentags: [job stderr]: 'ctags: Notice: ignoring null tag in /run/media/lsq/winD/tmp/node.js/axios-example/node_modules/prettier/plugins/meriyah.mjs(line: 1, language: JavaScript)'
gutentags: [job stderr]: 'ctags: Notice: ignoring null tag in /run/media/lsq/winD/tmp/node.js/axios-example/node_modules/prettier/plugins/meriyah.mjs(line: 1, language: JavaScript)'
gutentags: [job stderr]: 'ctags: Notice: ignoring null tag in /run/media/lsq/winD/tmp/node.js/axios-example/node_modules/prettier/plugins/meriyah.mjs(line: 1, language: JavaScript)'
gutentags: [job stderr]: 'ctags: Notice: ignoring null tag in /run/media/lsq/winD/tmp/node.js/axios-example/node_modules/prettier/plugins/meriyah.mjs(line: 1, language: JavaScript)'
gutentags: [job stderr]: 'ctags: Notice: ignoring null tag in /run/media/lsq/winD/tmp/node.js/axios-example/node_modules/prettier/plugins/meriyah.mjs(line: 1, language: JavaScript)'
gutentags: [job stderr]: 'ctags: Notice: ignoring null tag in /run/media/lsq/winD/tmp/node.js/axios-example/node_modules/prettier/plugins/meriyah.mjs(line: 1, language: JavaScript)'
gutentags: [job stderr]: 'ctags: Notice: ignoring null tag in /run/media/lsq/winD/tmp/node.js/axios-example/node_modules/prettier/plugins/meriyah.mjs(line: 1, language: JavaScript)'
gutentags: [job stderr]: 'ctags: Notice: ignoring null tag in /run/media/lsq/winD/tmp/node.js/axios-example/node_modules/prettier/plugins/meriyah.mjs(line: 1, language: JavaScript)'
gutentags: [job stderr]: 'ctags: Notice: ignoring null tag in /run/media/lsq/winD/tmp/node.js/axios-example/node_modules/prettier/plugins/meriyah.mjs(line: 1, language: JavaScript)'
gutentags: [job stderr]: 'ctags: Notice: ignoring null tag in /run/media/lsq/winD/tmp/node.js/axios-example/node_modules/prettier/plugins/meriyah.mjs(line: 1, language: JavaScript)'
gutentags: [job stderr]: 'ctags: Notice: ignoring null tag in /run/media/lsq/winD/tmp/node.js/axios-example/node_modules/prettier/plugins/meriyah.mjs(line: 1, language: JavaScript)'
gutentags: [job stderr]: 'ctags: Notice: ignoring null tag in /run/media/lsq/winD/tmp/node.js/axios-example/node_modules/prettier/plugins/meriyah.mjs(line: 1, language: JavaScript)'
gutentags: [job stderr]: 'ctags: Notice: ignoring null tag in /run/media/lsq/winD/tmp/node.js/axios-example/node_modules/prettier/plugins/meriyah.mjs(line: 1, language: JavaScript)'
gutentags: [job stderr]: 'ctags: Notice: ignoring null tag in /run/media/lsq/winD/tmp/node.js/axios-example/node_modules/prettier/plugins/meriyah.mjs(line: 1, language: JavaScript)'
gutentags: [job stderr]: 'ctags: Notice: ignoring null tag in /run/media/lsq/winD/tmp/node.js/axios-example/node_modules/prettier/plugins/meriyah.mjs(line: 1, language: JavaScript)'
gutentags: [job stderr]: 'ctags: Notice: ignoring null tag in /run/media/lsq/winD/tmp/node.js/axios-example/node_modules/prettier/plugins/postcss.js(line: 18, language: JavaScript)'
gutentags: [job stderr]: 'ctags: Notice: ignoring null tag in /run/media/lsq/winD/tmp/node.js/axios-example/node_modules/prettier/plugins/postcss.js(line: 18, language: JavaScript)'
gutentags: [job stderr]: 'ctags: Notice: ignoring null tag in /run/media/lsq/winD/tmp/node.js/axios-example/node_modules/prettier/plugins/postcss.js(line: 18, language: JavaScript)'
gutentags: [job stderr]: 'ctags: Notice: ignoring null tag in /run/media/lsq/winD/tmp/node.js/axios-example/node_modules/prettier/plugins/postcss.js(line: 21, language: JavaScript)'
gutentags: [job stderr]: 'ctags: Notice: ignoring null tag in /run/media/lsq/winD/tmp/node.js/axios-example/node_modules/prettier/plugins/postcss.js(line: 21, language: JavaScript)'
gutentags: [job stderr]: 'ctags: Notice: ignoring null tag in /run/media/lsq/winD/tmp/node.js/axios-example/node_modules/prettier/plugins/postcss.js(line: 21, language: JavaScript)'
gutentags: [job stderr]: 'ctags: Notice: ignoring null tag in /run/media/lsq/winD/tmp/node.js/axios-example/node_modules/prettier/plugins/postcss.js(line: 21, language: JavaScript)'
gutentags: [job stderr]: 'ctags: Notice: ignoring null tag in /run/media/lsq/winD/tmp/node.js/axios-example/node_modules/prettier/plugins/postcss.js(line: 22, language: JavaScript)'
gutentags: [job stderr]: 'ctags: Notice: ignoring null tag in /run/media/lsq/winD/tmp/node.js/axios-example/node_modules/prettier/plugins/postcss.js(line: 22, language: JavaScript)'
gutentags: [job stderr]: 'ctags: Notice: ignoring null tag in /run/media/lsq/winD/tmp/node.js/axios-example/node_modules/prettier/plugins/postcss.js(line: 22, language: JavaScript)'
gutentags: [job stderr]: 'ctags: Notice: ignoring null tag in /run/media/lsq/winD/tmp/node.js/axios-example/node_modules/prettier/plugins/postcss.js(line: 22, language: JavaScript)'
gutentags: [job stderr]: 'ctags: Notice: ignoring null tag in /run/media/lsq/winD/tmp/node.js/axios-example/node_modules/prettier/plugins/postcss.js(line: 22, language: JavaScript)'
gutentags: [job stderr]: 'ctags: Notice: ignoring null tag in /run/media/lsq/winD/tmp/node.js/axios-example/node_modules/prettier/plugins/postcss.js(line: 22, language: JavaScript)'
gutentags: [job stderr]: 'ctags: Notice: ignoring null tag in /run/media/lsq/winD/tmp/node.js/axios-example/node_modules/prettier/plugins/postcss.js(line: 22, language: JavaScript)'
gutentags: [job stderr]: 'ctags: Notice: ignoring null tag in /run/media/lsq/winD/tmp/node.js/axios-example/node_modules/prettier/plugins/postcss.js(line: 22, language: JavaScript)'
gutentags: [job stderr]: 'ctags: Notice: ignoring null tag in /run/media/lsq/winD/tmp/node.js/axios-example/node_modules/prettier/plugins/postcss.js(line: 22, language: JavaScript)'
gutentags: [job stderr]: 'ctags: Notice: ignoring null tag in /run/media/lsq/winD/tmp/node.js/axios-example/node_modules/prettier/plugins/postcss.js(line: 22, language: JavaScript)'
gutentags: [job stderr]: 'ctags: Notice: ignoring null tag in /run/media/lsq/winD/tmp/node.js/axios-example/node_modules/prettier/plugins/postcss.js(line: 22, language: JavaScript)'
gutentags: [job stderr]: 'ctags: Notice: ignoring null tag in /run/media/lsq/winD/tmp/node.js/axios-example/node_modules/prettier/plugins/postcss.js(line: 22, language: JavaScript)'
gutentags: [job stderr]: 'ctags: Notice: ignoring null tag in /run/media/lsq/winD/tmp/node.js/axios-example/node_modules/prettier/plugins/postcss.js(line: 24, language: JavaScript)'
gutentags: [job stderr]: 'ctags: Notice: ignoring null tag in /run/media/lsq/winD/tmp/node.js/axios-example/node_modules/prettier/plugins/postcss.js(line: 24, language: JavaScript)'
gutentags: [job stderr]: 'ctags: Notice: ignoring null tag in /run/media/lsq/winD/tmp/node.js/axios-example/node_modules/prettier/plugins/postcss.js(line: 24, language: JavaScript)'
gutentags: [job stderr]: 'ctags: Notice: ignoring null tag in /run/media/lsq/winD/tmp/node.js/axios-example/node_modules/prettier/plugins/postcss.js(line: 24, language: JavaScript)'
gutentags: [job stderr]: 'ctags: Notice: ignoring null tag in /run/media/lsq/winD/tmp/node.js/axios-example/node_modules/prettier/plugins/postcss.js(line: 24, language: JavaScript)'
gutentags: [job stderr]: 'ctags: Notice: ignoring null tag in /run/media/lsq/winD/tmp/node.js/axios-example/node_modules/prettier/plugins/postcss.js(line: 24, language: JavaScript)'
gutentags: [job stderr]: 'ctags: Notice: ignoring null tag in /run/media/lsq/winD/tmp/node.js/axios-example/node_modules/prettier/plugins/postcss.js(line: 24, language: JavaScript)'
gutentags: [job stderr]: 'ctags: Notice: ignoring null tag in /run/media/lsq/winD/tmp/node.js/axios-example/node_modules/prettier/plugins/postcss.js(line: 24, language: JavaScript)'
gutentags: [job stderr]: 'ctags: Notice: ignoring null tag in /run/media/lsq/winD/tmp/node.js/axios-example/node_modules/prettier/plugins/postcss.js(line: 24, language: JavaScript)'
gutentags: [job stderr]: 'ctags: Notice: ignoring null tag in /run/media/lsq/winD/tmp/node.js/axios-example/node_modules/prettier/plugins/postcss.js(line: 24, language: JavaScript)'
gutentags: [job stderr]: 'ctags: Notice: ignoring null tag in /run/media/lsq/winD/tmp/node.js/axios-example/node_modules/prettier/plugins/postcss.js(line: 28, language: JavaScript)'
gutentags: [job stderr]: 'ctags: Notice: ignoring null tag in /run/media/lsq/winD/tmp/node.js/axios-example/node_modules/prettier/plugins/postcss.js(line: 28, language: JavaScript)'
gutentags: [job stderr]: 'ctags: Notice: ignoring null tag in /run/media/lsq/winD/tmp/node.js/axios-example/node_modules/prettier/plugins/postcss.js(line: 28, language: JavaScript)'
gutentags: [job stderr]: 'ctags: Notice: ignoring null tag in /run/media/lsq/winD/tmp/node.js/axios-example/node_modules/prettier/plugins/postcss.js(line: 28, language: JavaScript)'
gutentags: [job stderr]: 'ctags: Notice: ignoring null tag in /run/media/lsq/winD/tmp/node.js/axios-example/node_modules/prettier/plugins/postcss.js(line: 28, language: JavaScript)'
gutentags: [job stderr]: 'ctags: Notice: ignoring null tag in /run/media/lsq/winD/tmp/node.js/axios-example/node_modules/prettier/plugins/postcss.js(line: 28, language: JavaScript)'
gutentags: [job stderr]: 'ctags: Notice: ignoring null tag in /run/media/lsq/winD/tmp/node.js/axios-example/node_modules/prettier/plugins/postcss.js(line: 28, language: JavaScript)'
gutentags: [job stderr]: 'ctags: Notice: ignoring null tag in /run/media/lsq/winD/tmp/node.js/axios-example/node_modules/prettier/plugins/postcss.js(line: 30, language: JavaScript)'
gutentags: [job stderr]: 'ctags: Notice: ignoring null tag in /run/media/lsq/winD/tmp/node.js/axios-example/node_modules/prettier/plugins/postcss.js(line: 30, language: JavaScript)'
gutentags: [job stderr]: 'ctags: Notice: ignoring null tag in /run/media/lsq/winD/tmp/node.js/axios-example/node_modules/prettier/plugins/postcss.js(line: 30, language: JavaScript)'
gutentags: [job stderr]: 'ctags: Notice: ignoring null tag in /run/media/lsq/winD/tmp/node.js/axios-example/node_modules/prettier/plugins/postcss.js(line: 30, language: JavaScript)'
gutentags: [job stderr]: 'ctags: Notice: ignoring null tag in /run/media/lsq/winD/tmp/node.js/axios-example/node_modules/prettier/plugins/postcss.js(line: 30, language: JavaScript)'
gutentags: [job stderr]: 'ctags: Notice: ignoring null tag in /run/media/lsq/winD/tmp/node.js/axios-example/node_modules/prettier/plugins/postcss.js(line: 30, language: JavaScript)'
gutentags: [job stderr]: 'ctags: Notice: ignoring null tag in /run/media/lsq/winD/tmp/node.js/axios-example/node_modules/prettier/plugins/postcss.js(line: 30, language: JavaScript)'
gutentags: [job stderr]: 'ctags: Notice: ignoring null tag in /run/media/lsq/winD/tmp/node.js/axios-example/node_modules/prettier/plugins/postcss.js(line: 30, language: JavaScript)'
gutentags: [job stderr]: 'ctags: Notice: ignoring null tag in /run/media/lsq/winD/tmp/node.js/axios-example/node_modules/prettier/plugins/postcss.js(line: 30, language: JavaScript)'
gutentags: [job stderr]: 'ctags: Notice: ignoring null tag in /run/media/lsq/winD/tmp/node.js/axios-example/node_modules/prettier/plugins/postcss.js(line: 30, language: JavaScript)'
gutentags: [job stderr]: 'ctags: Notice: ignoring null tag in /run/media/lsq/winD/tmp/node.js/axios-example/node_modules/prettier/plugins/postcss.js(line: 30, language: JavaScript)'
gutentags: [job stderr]: 'ctags: Notice: ignoring null tag in /run/media/lsq/winD/tmp/node.js/axios-example/node_modules/prettier/plugins/postcss.js(line: 30, language: JavaScript)'
gutentags: [job stderr]: 'ctags: Notice: ignoring null tag in /run/media/lsq/winD/tmp/node.js/axios-example/node_modules/prettier/plugins/postcss.js(line: 30, language: JavaScript)'
gutentags: [job stderr]: 'ctags: Notice: ignoring null tag in /run/media/lsq/winD/tmp/node.js/axios-example/node_modules/prettier/plugins/postcss.js(line: 30, language: JavaScript)'
gutentags: [job stderr]: 'ctags: Notice: ignoring null tag in /run/media/lsq/winD/tmp/node.js/axios-example/node_modules/prettier/plugins/postcss.js(line: 30, language: JavaScript)'
gutentags: [job stderr]: 'ctags: Notice: ignoring null tag in /run/media/lsq/winD/tmp/node.js/axios-example/node_modules/prettier/plugins/postcss.js(line: 30, language: JavaScript)'
gutentags: [job stderr]: 'ctags: Notice: ignoring null tag in /run/media/lsq/winD/tmp/node.js/axios-example/node_modules/prettier/plugins/postcss.js(line: 30, language: JavaScript)'
gutentags: [job stderr]: 'ctags: Notice: ignoring null tag in /run/media/lsq/winD/tmp/node.js/axios-example/node_modules/prettier/plugins/postcss.js(line: 30, language: JavaScript)'
gutentags: [job stderr]: 'ctags: Notice: ignoring null tag in /run/media/lsq/winD/tmp/node.js/axios-example/node_modules/prettier/plugins/postcss.js(line: 30, language: JavaScript)'
gutentags: [job stderr]: 'ctags: Notice: ignoring null tag in /run/media/lsq/winD/tmp/node.js/axios-example/node_modules/prettier/plugins/postcss.js(line: 30, language: JavaScript)'
gutentags: [job stderr]: 'ctags: Notice: ignoring null tag in /run/media/lsq/winD/tmp/node.js/axios-example/node_modules/prettier/plugins/postcss.js(line: 30, language: JavaScript)'
gutentags: [job stderr]: 'ctags: Notice: ignoring null tag in /run/media/lsq/winD/tmp/node.js/axios-example/node_modules/prettier/plugins/postcss.js(line: 30, language: JavaScript)'
gutentags: [job stderr]: 'ctags: Notice: ignoring null tag in /run/media/lsq/winD/tmp/node.js/axios-example/node_modules/prettier/plugins/postcss.js(line: 30, language: JavaScript)'
gutentags: [job stderr]: 'ctags: Notice: ignoring null tag in /run/media/lsq/winD/tmp/node.js/axios-example/node_modules/prettier/plugins/postcss.js(line: 30, language: JavaScript)'
gutentags: [job stderr]: 'ctags: Notice: ignoring null tag in /run/media/lsq/winD/tmp/node.js/axios-example/node_modules/prettier/plugins/postcss.js(line: 30, language: JavaScript)'
gutentags: [job stderr]: 'ctags: Notice: ignoring null tag in /run/media/lsq/winD/tmp/node.js/axios-example/node_modules/prettier/plugins/postcss.js(line: 30, language: JavaScript)'
gutentags: [job stderr]: 'ctags: Notice: ignoring null tag in /run/media/lsq/winD/tmp/node.js/axios-example/node_modules/prettier/plugins/postcss.js(line: 30, language: JavaScript)'
gutentags: [job stderr]: 'ctags: Notice: ignoring null tag in /run/media/lsq/winD/tmp/node.js/axios-example/node_modules/prettier/plugins/postcss.js(line: 30, language: JavaScript)'
gutentags: [job stderr]: 'ctags: Notice: ignoring null tag in /run/media/lsq/winD/tmp/node.js/axios-example/node_modules/prettier/plugins/postcss.js(line: 30, language: JavaScript)'
gutentags: [job stderr]: 'ctags: Notice: ignoring null tag in /run/media/lsq/winD/tmp/node.js/axios-example/node_modules/prettier/plugins/postcss.js(line: 30, language: JavaScript)'
gutentags: [job stderr]: 'ctags: Notice: ignoring null tag in /run/media/lsq/winD/tmp/node.js/axios-example/node_modules/prettier/plugins/postcss.js(line: 30, language: JavaScript)'
gutentags: [job stderr]: 'ctags: Notice: ignoring null tag in /run/media/lsq/winD/tmp/node.js/axios-example/node_modules/prettier/plugins/postcss.js(line: 30, language: JavaScript)'
gutentags: [job stderr]: 'ctags: Notice: ignoring null tag in /run/media/lsq/winD/tmp/node.js/axios-example/node_modules/prettier/plugins/postcss.js(line: 30, language: JavaScript)'
gutentags: [job stderr]: 'ctags: Notice: ignoring null tag in /run/media/lsq/winD/tmp/node.js/axios-example/node_modules/prettier/plugins/postcss.js(line: 30, language: JavaScript)'
gutentags: [job stderr]: 'ctags: Notice: ignoring null tag in /run/media/lsq/winD/tmp/node.js/axios-example/node_modules/prettier/plugins/postcss.js(line: 30, language: JavaScript)'
gutentags: [job stderr]: 'ctags: Notice: ignoring null tag in /run/media/lsq/winD/tmp/node.js/axios-example/node_modules/prettier/plugins/postcss.js(line: 30, language: JavaScript)'
gutentags: [job stderr]: 'ctags: Notice: ignoring null tag in /run/media/lsq/winD/tmp/node.js/axios-example/node_modules/prettier/plugins/postcss.js(line: 30, language: JavaScript)'
gutentags: [job stderr]: 'ctags: Notice: ignoring null tag in /run/media/lsq/winD/tmp/node.js/axios-example/node_modules/prettier/plugins/postcss.js(line: 30, language: JavaScript)'
gutentags: [job stderr]: 'ctags: Notice: ignoring null tag in /run/media/lsq/winD/tmp/node.js/axios-example/node_modules/prettier/plugins/postcss.js(line: 30, language: JavaScript)'
gutentags: [job stderr]: 'ctags: Notice: ignoring null tag in /run/media/lsq/winD/tmp/node.js/axios-example/node_modules/prettier/plugins/postcss.js(line: 30, language: JavaScript)'
gutentags: [job stderr]: 'ctags: Notice: ignoring null tag in /run/media/lsq/winD/tmp/node.js/axios-example/node_modules/prettier/plugins/postcss.js(line: 30, language: JavaScript)'
gutentags: [job stderr]: 'ctags: Notice: ignoring null tag in /run/media/lsq/winD/tmp/node.js/axios-example/node_modules/prettier/plugins/postcss.js(line: 30, language: JavaScript)'
gutentags: [job stderr]: 'ctags: Notice: ignoring null tag in /run/media/lsq/winD/tmp/node.js/axios-example/node_modules/prettier/plugins/postcss.js(line: 30, language: JavaScript)'
gutentags: [job stderr]: 'ctags: Notice: ignoring null tag in /run/media/lsq/winD/tmp/node.js/axios-example/node_modules/prettier/plugins/postcss.js(line: 30, language: JavaScript)'
gutentags: [job stderr]: 'ctags: Notice: ignoring null tag in /run/media/lsq/winD/tmp/node.js/axios-example/node_modules/prettier/plugins/postcss.js(line: 30, language: JavaScript)'
gutentags: [job stderr]: 'ctags: Notice: ignoring null tag in /run/media/lsq/winD/tmp/node.js/axios-example/node_modules/prettier/plugins/postcss.js(line: 30, language: JavaScript)'
gutentags: [job stderr]: 'ctags: Notice: ignoring null tag in /run/media/lsq/winD/tmp/node.js/axios-example/node_modules/prettier/plugins/postcss.js(line: 30, language: JavaScript)'
gutentags: [job stderr]: 'ctags: Notice: ignoring null tag in /run/media/lsq/winD/tmp/node.js/axios-example/node_modules/prettier/plugins/postcss.js(line: 30, language: JavaScript)'
gutentags: [job stderr]: 'ctags: Notice: ignoring null tag in /run/media/lsq/winD/tmp/node.js/axios-example/node_modules/prettier/plugins/postcss.js(line: 30, language: JavaScript)'
gutentags: [job stderr]: 'ctags: Notice: ignoring null tag in /run/media/lsq/winD/tmp/node.js/axios-example/node_modules/prettier/plugins/postcss.js(line: 32, language: JavaScript)'
gutentags: [job stderr]: 'ctags: Notice: ignoring null tag in /run/media/lsq/winD/tmp/node.js/axios-example/node_modules/prettier/plugins/postcss.js(line: 32, language: JavaScript)'
gutentags: [job stderr]: 'ctags: Notice: ignoring null tag in /run/media/lsq/winD/tmp/node.js/axios-example/node_modules/prettier/plugins/postcss.js(line: 35, language: JavaScript)'
gutentags: [job stderr]: 'ctags: Notice: ignoring null tag in /run/media/lsq/winD/tmp/node.js/axios-example/node_modules/prettier/plugins/postcss.js(line: 35, language: JavaScript)'
gutentags: [job stderr]: 'ctags: Notice: ignoring null tag in /run/media/lsq/winD/tmp/node.js/axios-example/node_modules/prettier/plugins/postcss.js(line: 35, language: JavaScript)'
gutentags: [job stderr]: 'ctags: Notice: ignoring null tag in /run/media/lsq/winD/tmp/node.js/axios-example/node_modules/prettier/plugins/postcss.js(line: 35, language: JavaScript)'
gutentags: [job stderr]: 'ctags: Notice: ignoring null tag in /run/media/lsq/winD/tmp/node.js/axios-example/node_modules/prettier/plugins/postcss.js(line: 35, language: JavaScript)'
gutentags: [job stderr]: 'ctags: Notice: ignoring null tag in /run/media/lsq/winD/tmp/node.js/axios-example/node_modules/prettier/plugins/postcss.js(line: 35, language: JavaScript)'
gutentags: [job stderr]: 'ctags: Notice: ignoring null tag in /run/media/lsq/winD/tmp/node.js/axios-example/node_modules/prettier/plugins/postcss.js(line: 35, language: JavaScript)'
gutentags: [job stderr]: 'ctags: Notice: ignoring null tag in /run/media/lsq/winD/tmp/node.js/axios-example/node_modules/prettier/plugins/postcss.js(line: 35, language: JavaScript)'
gutentags: [job stderr]: 'ctags: Notice: ignoring null tag in /run/media/lsq/winD/tmp/node.js/axios-example/node_modules/prettier/plugins/postcss.js(line: 35, language: JavaScript)'
gutentags: [job stderr]: 'ctags: Notice: ignoring null tag in /run/media/lsq/winD/tmp/node.js/axios-example/node_modules/prettier/plugins/postcss.js(line: 35, language: JavaScript)'
gutentags: [job stderr]: 'ctags: Notice: ignoring null tag in /run/media/lsq/winD/tmp/node.js/axios-example/node_modules/prettier/plugins/postcss.js(line: 61, language: JavaScript)'
gutentags: [job stderr]: 'ctags: Notice: ignoring null tag in /run/media/lsq/winD/tmp/node.js/axios-example/node_modules/prettier/plugins/postcss.js(line: 61, language: JavaScript)'
gutentags: [job stderr]: 'ctags: Notice: ignoring null tag in /run/media/lsq/winD/tmp/node.js/axios-example/node_modules/prettier/plugins/postcss.js(line: 61, language: JavaScript)'
gutentags: [job stderr]: 'ctags: Notice: ignoring null tag in /run/media/lsq/winD/tmp/node.js/axios-example/node_modules/prettier/plugins/postcss.mjs(line: 18, language: JavaScript)'
gutentags: [job stderr]: 'ctags: Notice: ignoring null tag in /run/media/lsq/winD/tmp/node.js/axios-example/node_modules/prettier/plugins/postcss.mjs(line: 18, language: JavaScript)'
gutentags: [job stderr]: 'ctags: Notice: ignoring null tag in /run/media/lsq/winD/tmp/node.js/axios-example/node_modules/prettier/plugins/postcss.mjs(line: 18, language: JavaScript)'
gutentags: [job stderr]: 'ctags: Notice: ignoring null tag in /run/media/lsq/winD/tmp/node.js/axios-example/node_modules/prettier/plugins/postcss.mjs(line: 21, language: JavaScript)'
gutentags: [job stderr]: 'ctags: Notice: ignoring null tag in /run/media/lsq/winD/tmp/node.js/axios-example/node_modules/prettier/plugins/postcss.mjs(line: 21, language: JavaScript)'
gutentags: [job stderr]: 'ctags: Notice: ignoring null tag in /run/media/lsq/winD/tmp/node.js/axios-example/node_modules/prettier/plugins/postcss.mjs(line: 21, language: JavaScript)'
gutentags: [job stderr]: 'ctags: Notice: ignoring null tag in /run/media/lsq/winD/tmp/node.js/axios-example/node_modules/prettier/plugins/postcss.mjs(line: 21, language: JavaScript)'
gutentags: [job stderr]: 'ctags: Notice: ignoring null tag in /run/media/lsq/winD/tmp/node.js/axios-example/node_modules/prettier/plugins/postcss.mjs(line: 22, language: JavaScript)'
gutentags: [job stderr]: 'ctags: Notice: ignoring null tag in /run/media/lsq/winD/tmp/node.js/axios-example/node_modules/prettier/plugins/postcss.mjs(line: 22, language: JavaScript)'
gutentags: [job stderr]: 'ctags: Notice: ignoring null tag in /run/media/lsq/winD/tmp/node.js/axios-example/node_modules/prettier/plugins/postcss.mjs(line: 22, language: JavaScript)'
gutentags: [job stderr]: 'ctags: Notice: ignoring null tag in /run/media/lsq/winD/tmp/node.js/axios-example/node_modules/prettier/plugins/postcss.mjs(line: 22, language: JavaScript)'
gutentags: [job stderr]: 'ctags: Notice: ignoring null tag in /run/media/lsq/winD/tmp/node.js/axios-example/node_modules/prettier/plugins/postcss.mjs(line: 22, language: JavaScript)'
gutentags: [job stderr]: 'ctags: Notice: ignoring null tag in /run/media/lsq/winD/tmp/node.js/axios-example/node_modules/prettier/plugins/postcss.mjs(line: 22, language: JavaScript)'
gutentags: [job stderr]: 'ctags: Notice: ignoring null tag in /run/media/lsq/winD/tmp/node.js/axios-example/node_modules/prettier/plugins/postcss.mjs(line: 22, language: JavaScript)'
gutentags: [job stderr]: 'ctags: Notice: ignoring null tag in /run/media/lsq/winD/tmp/node.js/axios-example/node_modules/prettier/plugins/postcss.mjs(line: 22, language: JavaScript)'
gutentags: [job stderr]: 'ctags: Notice: ignoring null tag in /run/media/lsq/winD/tmp/node.js/axios-example/node_modules/prettier/plugins/postcss.mjs(line: 22, language: JavaScript)'
gutentags: [job stderr]: 'ctags: Notice: ignoring null tag in /run/media/lsq/winD/tmp/node.js/axios-example/node_modules/prettier/plugins/postcss.mjs(line: 22, language: JavaScript)'
gutentags: [job stderr]: 'ctags: Notice: ignoring null tag in /run/media/lsq/winD/tmp/node.js/axios-example/node_modules/prettier/plugins/postcss.mjs(line: 22, language: JavaScript)'
gutentags: [job stderr]: 'ctags: Notice: ignoring null tag in /run/media/lsq/winD/tmp/node.js/axios-example/node_modules/prettier/plugins/postcss.mjs(line: 22, language: JavaScript)'
gutentags: [job stderr]: 'ctags: Notice: ignoring null tag in /run/media/lsq/winD/tmp/node.js/axios-example/node_modules/prettier/plugins/postcss.mjs(line: 24, language: JavaScript)'
gutentags: [job stderr]: 'ctags: Notice: ignoring null tag in /run/media/lsq/winD/tmp/node.js/axios-example/node_modules/prettier/plugins/postcss.mjs(line: 24, language: JavaScript)'
gutentags: [job stderr]: 'ctags: Notice: ignoring null tag in /run/media/lsq/winD/tmp/node.js/axios-example/node_modules/prettier/plugins/postcss.mjs(line: 24, language: JavaScript)'
gutentags: [job stderr]: 'ctags: Notice: ignoring null tag in /run/media/lsq/winD/tmp/node.js/axios-example/node_modules/prettier/plugins/postcss.mjs(line: 24, language: JavaScript)'
gutentags: [job stderr]: 'ctags: Notice: ignoring null tag in /run/media/lsq/winD/tmp/node.js/axios-example/node_modules/prettier/plugins/postcss.mjs(line: 24, language: JavaScript)'
gutentags: [job stderr]: 'ctags: Notice: ignoring null tag in /run/media/lsq/winD/tmp/node.js/axios-example/node_modules/prettier/plugins/postcss.mjs(line: 24, language: JavaScript)'
gutentags: [job stderr]: 'ctags: Notice: ignoring null tag in /run/media/lsq/winD/tmp/node.js/axios-example/node_modules/prettier/plugins/postcss.mjs(line: 24, language: JavaScript)'
gutentags: [job stderr]: 'ctags: Notice: ignoring null tag in /run/media/lsq/winD/tmp/node.js/axios-example/node_modules/prettier/plugins/postcss.mjs(line: 24, language: JavaScript)'
gutentags: [job stderr]: 'ctags: Notice: ignoring null tag in /run/media/lsq/winD/tmp/node.js/axios-example/node_modules/prettier/plugins/postcss.mjs(line: 24, language: JavaScript)'
gutentags: [job stderr]: 'ctags: Notice: ignoring null tag in /run/media/lsq/winD/tmp/node.js/axios-example/node_modules/prettier/plugins/postcss.mjs(line: 24, language: JavaScript)'
gutentags: [job stderr]: 'ctags: Notice: ignoring null tag in /run/media/lsq/winD/tmp/node.js/axios-example/node_modules/prettier/plugins/postcss.mjs(line: 28, language: JavaScript)'
gutentags: [job stderr]: 'ctags: Notice: ignoring null tag in /run/media/lsq/winD/tmp/node.js/axios-example/node_modules/prettier/plugins/postcss.mjs(line: 28, language: JavaScript)'
gutentags: [job stderr]: 'ctags: Notice: ignoring null tag in /run/media/lsq/winD/tmp/node.js/axios-example/node_modules/prettier/plugins/postcss.mjs(line: 28, language: JavaScript)'
gutentags: [job stderr]: 'ctags: Notice: ignoring null tag in /run/media/lsq/winD/tmp/node.js/axios-example/node_modules/prettier/plugins/postcss.mjs(line: 28, language: JavaScript)'
gutentags: [job stderr]: 'ctags: Notice: ignoring null tag in /run/media/lsq/winD/tmp/node.js/axios-example/node_modules/prettier/plugins/postcss.mjs(line: 28, language: JavaScript)'
gutentags: [job stderr]: 'ctags: Notice: ignoring null tag in /run/media/lsq/winD/tmp/node.js/axios-example/node_modules/prettier/plugins/postcss.mjs(line: 28, language: JavaScript)'
gutentags: [job stderr]: 'ctags: Notice: ignoring null tag in /run/media/lsq/winD/tmp/node.js/axios-example/node_modules/prettier/plugins/postcss.mjs(line: 28, language: JavaScript)'
gutentags: [job stderr]: 'ctags: Notice: ignoring null tag in /run/media/lsq/winD/tmp/node.js/axios-example/node_modules/prettier/plugins/postcss.mjs(line: 30, language: JavaScript)'
gutentags: [job stderr]: 'ctags: Notice: ignoring null tag in /run/media/lsq/winD/tmp/node.js/axios-example/node_modules/prettier/plugins/postcss.mjs(line: 30, language: JavaScript)'
gutentags: [job stderr]: 'ctags: Notice: ignoring null tag in /run/media/lsq/winD/tmp/node.js/axios-example/node_modules/prettier/plugins/postcss.mjs(line: 30, language: JavaScript)'
gutentags: [job stderr]: 'ctags: Notice: ignoring null tag in /run/media/lsq/winD/tmp/node.js/axios-example/node_modules/prettier/plugins/postcss.mjs(line: 30, language: JavaScript)'
gutentags: [job stderr]: 'ctags: Notice: ignoring null tag in /run/media/lsq/winD/tmp/node.js/axios-example/node_modules/prettier/plugins/postcss.mjs(line: 30, language: JavaScript)'
gutentags: [job stderr]: 'ctags: Notice: ignoring null tag in /run/media/lsq/winD/tmp/node.js/axios-example/node_modules/prettier/plugins/postcss.mjs(line: 30, language: JavaScript)'
gutentags: [job stderr]: 'ctags: Notice: ignoring null tag in /run/media/lsq/winD/tmp/node.js/axios-example/node_modules/prettier/plugins/postcss.mjs(line: 30, language: JavaScript)'
gutentags: [job stderr]: 'ctags: Notice: ignoring null tag in /run/media/lsq/winD/tmp/node.js/axios-example/node_modules/prettier/plugins/postcss.mjs(line: 30, language: JavaScript)'
gutentags: [job stderr]: 'ctags: Notice: ignoring null tag in /run/media/lsq/winD/tmp/node.js/axios-example/node_modules/prettier/plugins/postcss.mjs(line: 30, language: JavaScript)'
gutentags: [job stderr]: 'ctags: Notice: ignoring null tag in /run/media/lsq/winD/tmp/node.js/axios-example/node_modules/prettier/plugins/postcss.mjs(line: 30, language: JavaScript)'
gutentags: [job stderr]: 'ctags: Notice: ignoring null tag in /run/media/lsq/winD/tmp/node.js/axios-example/node_modules/prettier/plugins/postcss.mjs(line: 30, language: JavaScript)'
gutentags: [job stderr]: 'ctags: Notice: ignoring null tag in /run/media/lsq/winD/tmp/node.js/axios-example/node_modules/prettier/plugins/postcss.mjs(line: 30, language: JavaScript)'
gutentags: [job stderr]: 'ctags: Notice: ignoring null tag in /run/media/lsq/winD/tmp/node.js/axios-example/node_modules/prettier/plugins/postcss.mjs(line: 30, language: JavaScript)'
gutentags: [job stderr]: 'ctags: Notice: ignoring null tag in /run/media/lsq/winD/tmp/node.js/axios-example/node_modules/prettier/plugins/postcss.mjs(line: 30, language: JavaScript)'
gutentags: [job stderr]: 'ctags: Notice: ignoring null tag in /run/media/lsq/winD/tmp/node.js/axios-example/node_modules/prettier/plugins/postcss.mjs(line: 30, language: JavaScript)'
gutentags: [job stderr]: 'ctags: Notice: ignoring null tag in /run/media/lsq/winD/tmp/node.js/axios-example/node_modules/prettier/plugins/postcss.mjs(line: 30, language: JavaScript)'
gutentags: [job stderr]: 'ctags: Notice: ignoring null tag in /run/media/lsq/winD/tmp/node.js/axios-example/node_modules/prettier/plugins/postcss.mjs(line: 30, language: JavaScript)'
gutentags: [job stderr]: 'ctags: Notice: ignoring null tag in /run/media/lsq/winD/tmp/node.js/axios-example/node_modules/prettier/plugins/postcss.mjs(line: 30, language: JavaScript)'
gutentags: [job stderr]: 'ctags: Notice: ignoring null tag in /run/media/lsq/winD/tmp/node.js/axios-example/node_modules/prettier/plugins/postcss.mjs(line: 30, language: JavaScript)'
gutentags: [job stderr]: 'ctags: Notice: ignoring null tag in /run/media/lsq/winD/tmp/node.js/axios-example/node_modules/prettier/plugins/postcss.mjs(line: 30, language: JavaScript)'
gutentags: [job stderr]: 'ctags: Notice: ignoring null tag in /run/media/lsq/winD/tmp/node.js/axios-example/node_modules/prettier/plugins/postcss.mjs(line: 30, language: JavaScript)'
gutentags: [job stderr]: 'ctags: Notice: ignoring null tag in /run/media/lsq/winD/tmp/node.js/axios-example/node_modules/prettier/plugins/postcss.mjs(line: 30, language: JavaScript)'
gutentags: [job stderr]: 'ctags: Notice: ignoring null tag in /run/media/lsq/winD/tmp/node.js/axios-example/node_modules/prettier/plugins/postcss.mjs(line: 30, language: JavaScript)'
gutentags: [job stderr]: 'ctags: Notice: ignoring null tag in /run/media/lsq/winD/tmp/node.js/axios-example/node_modules/prettier/plugins/postcss.mjs(line: 30, language: JavaScript)'
gutentags: [job stderr]: 'ctags: Notice: ignoring null tag in /run/media/lsq/winD/tmp/node.js/axios-example/node_modules/prettier/plugins/postcss.mjs(line: 30, language: JavaScript)'
gutentags: [job stderr]: 'ctags: Notice: ignoring null tag in /run/media/lsq/winD/tmp/node.js/axios-example/node_modules/prettier/plugins/postcss.mjs(line: 30, language: JavaScript)'
gutentags: [job stderr]: 'ctags: Notice: ignoring null tag in /run/media/lsq/winD/tmp/node.js/axios-example/node_modules/prettier/plugins/postcss.mjs(line: 30, language: JavaScript)'
gutentags: [job stderr]: 'ctags: Notice: ignoring null tag in /run/media/lsq/winD/tmp/node.js/axios-example/node_modules/prettier/plugins/postcss.mjs(line: 30, language: JavaScript)'
gutentags: [job stderr]: 'ctags: Notice: ignoring null tag in /run/media/lsq/winD/tmp/node.js/axios-example/node_modules/prettier/plugins/postcss.mjs(line: 30, language: JavaScript)'
gutentags: [job stderr]: 'ctags: Notice: ignoring null tag in /run/media/lsq/winD/tmp/node.js/axios-example/node_modules/prettier/plugins/postcss.mjs(line: 30, language: JavaScript)'
gutentags: [job stderr]: 'ctags: Notice: ignoring null tag in /run/media/lsq/winD/tmp/node.js/axios-example/node_modules/prettier/plugins/postcss.mjs(line: 30, language: JavaScript)'
gutentags: [job stderr]: 'ctags: Notice: ignoring null tag in /run/media/lsq/winD/tmp/node.js/axios-example/node_modules/prettier/plugins/postcss.mjs(line: 30, language: JavaScript)'
gutentags: [job stderr]: 'ctags: Notice: ignoring null tag in /run/media/lsq/winD/tmp/node.js/axios-example/node_modules/prettier/plugins/postcss.mjs(line: 30, language: JavaScript)'
gutentags: [job stderr]: 'ctags: Notice: ignoring null tag in /run/media/lsq/winD/tmp/node.js/axios-example/node_modules/prettier/plugins/postcss.mjs(line: 30, language: JavaScript)'
gutentags: [job stderr]: 'ctags: Notice: ignoring null tag in /run/media/lsq/winD/tmp/node.js/axios-example/node_modules/prettier/plugins/postcss.mjs(line: 30, language: JavaScript)'
gutentags: [job stderr]: 'ctags: Notice: ignoring null tag in /run/media/lsq/winD/tmp/node.js/axios-example/node_modules/prettier/plugins/postcss.mjs(line: 30, language: JavaScript)'
gutentags: [job stderr]: 'ctags: Notice: ignoring null tag in /run/media/lsq/winD/tmp/node.js/axios-example/node_modules/prettier/plugins/postcss.mjs(line: 30, language: JavaScript)'
gutentags: [job stderr]: 'ctags: Notice: ignoring null tag in /run/media/lsq/winD/tmp/node.js/axios-example/node_modules/prettier/plugins/postcss.mjs(line: 30, language: JavaScript)'
gutentags: [job stderr]: 'ctags: Notice: ignoring null tag in /run/media/lsq/winD/tmp/node.js/axios-example/node_modules/prettier/plugins/postcss.mjs(line: 30, language: JavaScript)'
gutentags: [job stderr]: 'ctags: Notice: ignoring null tag in /run/media/lsq/winD/tmp/node.js/axios-example/node_modules/prettier/plugins/postcss.mjs(line: 30, language: JavaScript)'
gutentags: [job stderr]: 'ctags: Notice: ignoring null tag in /run/media/lsq/winD/tmp/node.js/axios-example/node_modules/prettier/plugins/postcss.mjs(line: 30, language: JavaScript)'
gutentags: [job stderr]: 'ctags: Notice: ignoring null tag in /run/media/lsq/winD/tmp/node.js/axios-example/node_modules/prettier/plugins/postcss.mjs(line: 30, language: JavaScript)'
gutentags: [job stderr]: 'ctags: Notice: ignoring null tag in /run/media/lsq/winD/tmp/node.js/axios-example/node_modules/prettier/plugins/postcss.mjs(line: 30, language: JavaScript)'
gutentags: [job stderr]: 'ctags: Notice: ignoring null tag in /run/media/lsq/winD/tmp/node.js/axios-example/node_modules/prettier/plugins/postcss.mjs(line: 30, language: JavaScript)'
gutentags: [job stderr]: 'ctags: Notice: ignoring null tag in /run/media/lsq/winD/tmp/node.js/axios-example/node_modules/prettier/plugins/postcss.mjs(line: 30, language: JavaScript)'
gutentags: [job stderr]: 'ctags: Notice: ignoring null tag in /run/media/lsq/winD/tmp/node.js/axios-example/node_modules/prettier/plugins/postcss.mjs(line: 30, language: JavaScript)'
gutentags: [job stderr]: 'ctags: Notice: ignoring null tag in /run/media/lsq/winD/tmp/node.js/axios-example/node_modules/prettier/plugins/postcss.mjs(line: 30, language: JavaScript)'
gutentags: [job stderr]: 'ctags: Notice: ignoring null tag in /run/media/lsq/winD/tmp/node.js/axios-example/node_modules/prettier/plugins/postcss.mjs(line: 30, language: JavaScript)'
gutentags: [job stderr]: 'ctags: Notice: ignoring null tag in /run/media/lsq/winD/tmp/node.js/axios-example/node_modules/prettier/plugins/postcss.mjs(line: 30, language: JavaScript)'
gutentags: [job stderr]: 'ctags: Notice: ignoring null tag in /run/media/lsq/winD/tmp/node.js/axios-example/node_modules/prettier/plugins/postcss.mjs(line: 32, language: JavaScript)'
gutentags: [job stderr]: 'ctags: Notice: ignoring null tag in /run/media/lsq/winD/tmp/node.js/axios-example/node_modules/prettier/plugins/postcss.mjs(line: 32, language: JavaScript)'
gutentags: [job stderr]: 'ctags: Notice: ignoring null tag in /run/media/lsq/winD/tmp/node.js/axios-example/node_modules/prettier/plugins/postcss.mjs(line: 35, language: JavaScript)'
gutentags: [job stderr]: 'ctags: Notice: ignoring null tag in /run/media/lsq/winD/tmp/node.js/axios-example/node_modules/prettier/plugins/postcss.mjs(line: 35, language: JavaScript)'
gutentags: [job stderr]: 'ctags: Notice: ignoring null tag in /run/media/lsq/winD/tmp/node.js/axios-example/node_modules/prettier/plugins/postcss.mjs(line: 35, language: JavaScript)'
gutentags: [job stderr]: 'ctags: Notice: ignoring null tag in /run/media/lsq/winD/tmp/node.js/axios-example/node_modules/prettier/plugins/postcss.mjs(line: 35, language: JavaScript)'
gutentags: [job stderr]: 'ctags: Notice: ignoring null tag in /run/media/lsq/winD/tmp/node.js/axios-example/node_modules/prettier/plugins/postcss.mjs(line: 35, language: JavaScript)'
gutentags: [job stderr]: 'ctags: Notice: ignoring null tag in /run/media/lsq/winD/tmp/node.js/axios-example/node_modules/prettier/plugins/postcss.mjs(line: 35, language: JavaScript)'
gutentags: [job stderr]: 'ctags: Notice: ignoring null tag in /run/media/lsq/winD/tmp/node.js/axios-example/node_modules/prettier/plugins/postcss.mjs(line: 35, language: JavaScript)'
gutentags: [job stderr]: 'ctags: Notice: ignoring null tag in /run/media/lsq/winD/tmp/node.js/axios-example/node_modules/prettier/plugins/postcss.mjs(line: 35, language: JavaScript)'
gutentags: [job stderr]: 'ctags: Notice: ignoring null tag in /run/media/lsq/winD/tmp/node.js/axios-example/node_modules/prettier/plugins/postcss.mjs(line: 35, language: JavaScript)'
gutentags: [job stderr]: 'ctags: Notice: ignoring null tag in /run/media/lsq/winD/tmp/node.js/axios-example/node_modules/prettier/plugins/postcss.mjs(line: 35, language: JavaScript)'
gutentags: [job stderr]: 'ctags: Notice: ignoring null tag in /run/media/lsq/winD/tmp/node.js/axios-example/node_modules/prettier/plugins/postcss.mjs(line: 61, language: JavaScript)'
gutentags: [job stderr]: 'ctags: Notice: ignoring null tag in /run/media/lsq/winD/tmp/node.js/axios-example/node_modules/prettier/plugins/postcss.mjs(line: 61, language: JavaScript)'
gutentags: [job stderr]: 'ctags: Notice: ignoring null tag in /run/media/lsq/winD/tmp/node.js/axios-example/node_modules/prettier/plugins/postcss.mjs(line: 61, language: JavaScript)'
gutentags: [job stderr]: 'ctags: Notice: ignoring null tag in /run/media/lsq/winD/tmp/node.js/axios-example/node_modules/prettier/plugins/typescript.js(line: 17, language: JavaScript)'
gutentags: [job stderr]: 'ctags: Notice: ignoring null tag in /run/media/lsq/winD/tmp/node.js/axios-example/node_modules/prettier/plugins/typescript.js(line: 17, language: JavaScript)'
gutentags: [job stderr]: 'ctags: Notice: ignoring null tag in /run/media/lsq/winD/tmp/node.js/axios-example/node_modules/prettier/plugins/typescript.js(line: 17, language: JavaScript)'
gutentags: [job stderr]: 'ctags: Notice: ignoring null tag in /run/media/lsq/winD/tmp/node.js/axios-example/node_modules/prettier/plugins/typescript.js(line: 17, language: JavaScript)'
gutentags: [job stderr]: 'ctags: Notice: ignoring null tag in /run/media/lsq/winD/tmp/node.js/axios-example/node_modules/prettier/plugins/typescript.js(line: 17, language: JavaScript)'
gutentags: [job stderr]: 'ctags: Notice: ignoring null tag in /run/media/lsq/winD/tmp/node.js/axios-example/node_modules/prettier/plugins/typescript.js(line: 17, language: JavaScript)'
gutentags: [job stderr]: 'ctags: Notice: ignoring null tag in /run/media/lsq/winD/tmp/node.js/axios-example/node_modules/prettier/plugins/typescript.js(line: 17, language: JavaScript)'
gutentags: [job stderr]: 'ctags: Notice: ignoring null tag in /run/media/lsq/winD/tmp/node.js/axios-example/node_modules/prettier/plugins/typescript.js(line: 17, language: JavaScript)'
gutentags: [job stderr]: 'ctags: Notice: ignoring null tag in /run/media/lsq/winD/tmp/node.js/axios-example/node_modules/prettier/plugins/typescript.js(line: 17, language: JavaScript)'
gutentags: [job stderr]: 'ctags: Notice: ignoring null tag in /run/media/lsq/winD/tmp/node.js/axios-example/node_modules/prettier/plugins/typescript.js(line: 17, language: JavaScript)'
gutentags: [job stderr]: 'ctags: Notice: ignoring null tag in /run/media/lsq/winD/tmp/node.js/axios-example/node_modules/prettier/plugins/typescript.mjs(line: 17, language: JavaScript)'
gutentags: [job stderr]: 'ctags: Notice: ignoring null tag in /run/media/lsq/winD/tmp/node.js/axios-example/node_modules/prettier/plugins/typescript.mjs(line: 17, language: JavaScript)'
gutentags: [job stderr]: 'ctags: Notice: ignoring null tag in /run/media/lsq/winD/tmp/node.js/axios-example/node_modules/prettier/plugins/typescript.mjs(line: 17, language: JavaScript)'
gutentags: [job stderr]: 'ctags: Notice: ignoring null tag in /run/media/lsq/winD/tmp/node.js/axios-example/node_modules/prettier/plugins/typescript.mjs(line: 17, language: JavaScript)'
gutentags: [job stderr]: 'ctags: Notice: ignoring null tag in /run/media/lsq/winD/tmp/node.js/axios-example/node_modules/prettier/plugins/typescript.mjs(line: 17, language: JavaScript)'
gutentags: [job stderr]: 'ctags: Notice: ignoring null tag in /run/media/lsq/winD/tmp/node.js/axios-example/node_modules/prettier/plugins/typescript.mjs(line: 17, language: JavaScript)'
gutentags: [job stderr]: 'ctags: Notice: ignoring null tag in /run/media/lsq/winD/tmp/node.js/axios-example/node_modules/prettier/plugins/typescript.mjs(line: 17, language: JavaScript)'
gutentags: [job stderr]: 'ctags: Notice: ignoring null tag in /run/media/lsq/winD/tmp/node.js/axios-example/node_modules/prettier/plugins/typescript.mjs(line: 17, language: JavaScript)'
gutentags: [job stderr]: 'ctags: Notice: ignoring null tag in /run/media/lsq/winD/tmp/node.js/axios-example/node_modules/prettier/plugins/typescript.mjs(line: 17, language: JavaScript)'
gutentags: [job stderr]: 'ctags: Notice: ignoring null tag in /run/media/lsq/winD/tmp/node.js/axios-example/node_modules/prettier/plugins/typescript.mjs(line: 17, language: JavaScript)'
gutentags: [job stderr]: 'ctags: Notice: ignoring null tag in /run/media/lsq/winD/tmp/node.js/axios-example/node_modules/prettier/plugins/yaml.js(line: 43, language: JavaScript)'
gutentags: [job stderr]: 'ctags: Notice: ignoring null tag in /run/media/lsq/winD/tmp/node.js/axios-example/node_modules/prettier/plugins/yaml.js(line: 45, language: JavaScript)'
gutentags: [job stderr]: 'ctags: Notice: ignoring null tag in /run/media/lsq/winD/tmp/node.js/axios-example/node_modules/prettier/plugins/yaml.js(line: 52, language: JavaScript)'
gutentags: [job stderr]: 'ctags: Notice: ignoring null tag in /run/media/lsq/winD/tmp/node.js/axios-example/node_modules/prettier/plugins/yaml.js(line: 52, language: JavaScript)'
gutentags: [job stderr]: 'ctags: Notice: ignoring null tag in /run/media/lsq/winD/tmp/node.js/axios-example/node_modules/prettier/plugins/yaml.js(line: 74, language: JavaScript)'
gutentags: [job stderr]: 'ctags: Notice: ignoring null tag in /run/media/lsq/winD/tmp/node.js/axios-example/node_modules/prettier/plugins/yaml.js(line: 78, language: JavaScript)'
gutentags: [job stderr]: 'ctags: Notice: ignoring null tag in /run/media/lsq/winD/tmp/node.js/axios-example/node_modules/prettier/plugins/yaml.js(line: 87, language: JavaScript)'
gutentags: [job stderr]: 'ctags: Notice: ignoring null tag in /run/media/lsq/winD/tmp/node.js/axios-example/node_modules/prettier/plugins/yaml.js(line: 87, language: JavaScript)'
gutentags: [job stderr]: 'ctags: Notice: ignoring null tag in /run/media/lsq/winD/tmp/node.js/axios-example/node_modules/prettier/plugins/yaml.js(line: 97, language: JavaScript)'
gutentags: [job stderr]: 'ctags: Notice: ignoring null tag in /run/media/lsq/winD/tmp/node.js/axios-example/node_modules/prettier/plugins/yaml.js(line: 104, language: JavaScript)'
gutentags: [job stderr]: 'ctags: Notice: ignoring null tag in /run/media/lsq/winD/tmp/node.js/axios-example/node_modules/prettier/plugins/yaml.js(line: 104, language: JavaScript)'
gutentags: [job stderr]: 'ctags: Notice: ignoring null tag in /run/media/lsq/winD/tmp/node.js/axios-example/node_modules/prettier/plugins/yaml.js(line: 104, language: JavaScript)'
gutentags: [job stderr]: 'ctags: Notice: ignoring null tag in /run/media/lsq/winD/tmp/node.js/axios-example/node_modules/prettier/plugins/yaml.js(line: 104, language: JavaScript)'
gutentags: [job stderr]: 'ctags: Notice: ignoring null tag in /run/media/lsq/winD/tmp/node.js/axios-example/node_modules/prettier/plugins/yaml.js(line: 145, language: JavaScript)'
gutentags: [job stderr]: 'ctags: Notice: ignoring null tag in /run/media/lsq/winD/tmp/node.js/axios-example/node_modules/prettier/plugins/yaml.js(line: 149, language: JavaScript)'
gutentags: [job stderr]: 'ctags: Notice: ignoring null tag in /run/media/lsq/winD/tmp/node.js/axios-example/node_modules/prettier/plugins/yaml.js(line: 153, language: JavaScript)'
gutentags: [job stderr]: 'ctags: Notice: ignoring null tag in /run/media/lsq/winD/tmp/node.js/axios-example/node_modules/prettier/plugins/yaml.js(line: 155, language: JavaScript)'
gutentags: [job stderr]: 'ctags: Notice: ignoring null tag in /run/media/lsq/winD/tmp/node.js/axios-example/node_modules/prettier/plugins/yaml.js(line: 155, language: JavaScript)'
gutentags: [job stderr]: 'ctags: Notice: ignoring null tag in /run/media/lsq/winD/tmp/node.js/axios-example/node_modules/prettier/plugins/yaml.js(line: 155, language: JavaScript)'
gutentags: [job stderr]: 'ctags: Notice: ignoring null tag in /run/media/lsq/winD/tmp/node.js/axios-example/node_modules/prettier/plugins/yaml.js(line: 155, language: JavaScript)'
gutentags: [job stderr]: 'ctags: Notice: ignoring null tag in /run/media/lsq/winD/tmp/node.js/axios-example/node_modules/prettier/plugins/yaml.js(line: 155, language: JavaScript)'
gutentags: [job stderr]: 'ctags: Notice: ignoring null tag in /run/media/lsq/winD/tmp/node.js/axios-example/node_modules/prettier/plugins/yaml.js(line: 155, language: JavaScript)'
gutentags: [job stderr]: 'ctags: Notice: ignoring null tag in /run/media/lsq/winD/tmp/node.js/axios-example/node_modules/prettier/plugins/yaml.js(line: 157, language: JavaScript)'
gutentags: [job stderr]: 'ctags: Notice: ignoring null tag in /run/media/lsq/winD/tmp/node.js/axios-example/node_modules/prettier/plugins/yaml.js(line: 157, language: JavaScript)'
gutentags: [job stderr]: 'ctags: Notice: ignoring null tag in /run/media/lsq/winD/tmp/node.js/axios-example/node_modules/prettier/plugins/yaml.js(line: 157, language: JavaScript)'
gutentags: [job stderr]: 'ctags: Notice: ignoring null tag in /run/media/lsq/winD/tmp/node.js/axios-example/node_modules/prettier/plugins/yaml.js(line: 157, language: JavaScript)'
gutentags: [job stderr]: 'ctags: Notice: ignoring null tag in /run/media/lsq/winD/tmp/node.js/axios-example/node_modules/prettier/plugins/yaml.js(line: 157, language: JavaScript)'
gutentags: [job stderr]: 'ctags: Notice: ignoring null tag in /run/media/lsq/winD/tmp/node.js/axios-example/node_modules/prettier/plugins/yaml.js(line: 158, language: JavaScript)'
gutentags: [job stderr]: 'ctags: Notice: ignoring null tag in /run/media/lsq/winD/tmp/node.js/axios-example/node_modules/prettier/plugins/yaml.js(line: 158, language: JavaScript)'
gutentags: [job stderr]: 'ctags: Notice: ignoring null tag in /run/media/lsq/winD/tmp/node.js/axios-example/node_modules/prettier/plugins/yaml.js(line: 158, language: JavaScript)'
gutentags: [job stderr]: 'ctags: Notice: ignoring null tag in /run/media/lsq/winD/tmp/node.js/axios-example/node_modules/prettier/plugins/yaml.js(line: 158, language: JavaScript)'
gutentags: [job stderr]: 'ctags: Notice: ignoring null tag in /run/media/lsq/winD/tmp/node.js/axios-example/node_modules/prettier/plugins/yaml.js(line: 158, language: JavaScript)'
gutentags: [job stderr]: 'ctags: Notice: ignoring null tag in /run/media/lsq/winD/tmp/node.js/axios-example/node_modules/prettier/plugins/yaml.js(line: 158, language: JavaScript)'
gutentags: [job stderr]: 'ctags: Notice: ignoring null tag in /run/media/lsq/winD/tmp/node.js/axios-example/node_modules/prettier/plugins/yaml.js(line: 158, language: JavaScript)'
gutentags: [job stderr]: 'ctags: Notice: ignoring null tag in /run/media/lsq/winD/tmp/node.js/axios-example/node_modules/prettier/plugins/yaml.js(line: 158, language: JavaScript)'
gutentags: [job stderr]: 'ctags: Notice: ignoring null tag in /run/media/lsq/winD/tmp/node.js/axios-example/node_modules/prettier/plugins/yaml.js(line: 158, language: JavaScript)'
gutentags: [job stderr]: 'ctags: Notice: ignoring null tag in /run/media/lsq/winD/tmp/node.js/axios-example/node_modules/prettier/plugins/yaml.js(line: 158, language: JavaScript)'
gutentags: [job stderr]: 'ctags: Notice: ignoring null tag in /run/media/lsq/winD/tmp/node.js/axios-example/node_modules/prettier/plugins/yaml.js(line: 158, language: JavaScript)'
gutentags: [job stderr]: 'ctags: Notice: ignoring null tag in /run/media/lsq/winD/tmp/node.js/axios-example/node_modules/prettier/plugins/yaml.js(line: 158, language: JavaScript)'
gutentags: [job stderr]: 'ctags: Notice: ignoring null tag in /run/media/lsq/winD/tmp/node.js/axios-example/node_modules/prettier/plugins/yaml.js(line: 158, language: JavaScript)'
gutentags: [job stderr]: 'ctags: Notice: ignoring null tag in /run/media/lsq/winD/tmp/node.js/axios-example/node_modules/prettier/plugins/yaml.js(line: 158, language: JavaScript)'
gutentags: [job stderr]: 'ctags: Notice: ignoring null tag in /run/media/lsq/winD/tmp/node.js/axios-example/node_modules/prettier/plugins/yaml.js(line: 158, language: JavaScript)'
gutentags: [job stderr]: 'ctags: Notice: ignoring null tag in /run/media/lsq/winD/tmp/node.js/axios-example/node_modules/prettier/plugins/yaml.js(line: 158, language: JavaScript)'
gutentags: [job stderr]: 'ctags: Notice: ignoring null tag in /run/media/lsq/winD/tmp/node.js/axios-example/node_modules/prettier/plugins/yaml.js(line: 158, language: JavaScript)'
gutentags: [job stderr]: 'ctags: Notice: ignoring null tag in /run/media/lsq/winD/tmp/node.js/axios-example/node_modules/prettier/plugins/yaml.js(line: 158, language: JavaScript)'
gutentags: [job stderr]: 'ctags: Notice: ignoring null tag in /run/media/lsq/winD/tmp/node.js/axios-example/node_modules/prettier/plugins/yaml.js(line: 158, language: JavaScript)'
gutentags: [job stderr]: 'ctags: Notice: ignoring null tag in /run/media/lsq/winD/tmp/node.js/axios-example/node_modules/prettier/plugins/yaml.js(line: 158, language: JavaScript)'
gutentags: [job stderr]: 'ctags: Notice: ignoring null tag in /run/media/lsq/winD/tmp/node.js/axios-example/node_modules/prettier/plugins/yaml.js(line: 158, language: JavaScript)'
gutentags: [job stderr]: 'ctags: Notice: ignoring null tag in /run/media/lsq/winD/tmp/node.js/axios-example/node_modules/prettier/plugins/yaml.js(line: 158, language: JavaScript)'
gutentags: [job stderr]: 'ctags: Notice: ignoring null tag in /run/media/lsq/winD/tmp/node.js/axios-example/node_modules/prettier/plugins/yaml.js(line: 158, language: JavaScript)'
gutentags: [job stderr]: 'ctags: Notice: ignoring null tag in /run/media/lsq/winD/tmp/node.js/axios-example/node_modules/prettier/plugins/yaml.js(line: 158, language: JavaScript)'
gutentags: [job stderr]: 'ctags: Notice: ignoring null tag in /run/media/lsq/winD/tmp/node.js/axios-example/node_modules/prettier/plugins/yaml.js(line: 158, language: JavaScript)'
gutentags: [job stderr]: 'ctags: Notice: ignoring null tag in /run/media/lsq/winD/tmp/node.js/axios-example/node_modules/prettier/plugins/yaml.js(line: 158, language: JavaScript)'
gutentags: [job stderr]: 'ctags: Notice: ignoring null tag in /run/media/lsq/winD/tmp/node.js/axios-example/node_modules/prettier/plugins/yaml.js(line: 158, language: JavaScript)'
gutentags: [job stderr]: 'ctags: Notice: ignoring null tag in /run/media/lsq/winD/tmp/node.js/axios-example/node_modules/prettier/plugins/yaml.js(line: 158, language: JavaScript)'
gutentags: [job stderr]: 'ctags: Notice: ignoring null tag in /run/media/lsq/winD/tmp/node.js/axios-example/node_modules/prettier/plugins/yaml.js(line: 158, language: JavaScript)'
gutentags: [job stderr]: 'ctags: Notice: ignoring null tag in /run/media/lsq/winD/tmp/node.js/axios-example/node_modules/prettier/plugins/yaml.js(line: 159, language: JavaScript)'
gutentags: [job stderr]: 'ctags: Notice: ignoring null tag in /run/media/lsq/winD/tmp/node.js/axios-example/node_modules/prettier/plugins/yaml.js(line: 159, language: JavaScript)'
gutentags: [job stderr]: 'ctags: Notice: ignoring null tag in /run/media/lsq/winD/tmp/node.js/axios-example/node_modules/prettier/plugins/yaml.mjs(line: 43, language: JavaScript)'
gutentags: [job stderr]: 'ctags: Notice: ignoring null tag in /run/media/lsq/winD/tmp/node.js/axios-example/node_modules/prettier/plugins/yaml.mjs(line: 45, language: JavaScript)'
gutentags: [job stderr]: 'ctags: Notice: ignoring null tag in /run/media/lsq/winD/tmp/node.js/axios-example/node_modules/prettier/plugins/yaml.mjs(line: 52, language: JavaScript)'
gutentags: [job stderr]: 'ctags: Notice: ignoring null tag in /run/media/lsq/winD/tmp/node.js/axios-example/node_modules/prettier/plugins/yaml.mjs(line: 52, language: JavaScript)'
gutentags: [job stderr]: 'ctags: Notice: ignoring null tag in /run/media/lsq/winD/tmp/node.js/axios-example/node_modules/prettier/plugins/yaml.mjs(line: 74, language: JavaScript)'
gutentags: [job stderr]: 'ctags: Notice: ignoring null tag in /run/media/lsq/winD/tmp/node.js/axios-example/node_modules/prettier/plugins/yaml.mjs(line: 78, language: JavaScript)'
gutentags: [job stderr]: 'ctags: Notice: ignoring null tag in /run/media/lsq/winD/tmp/node.js/axios-example/node_modules/prettier/plugins/yaml.mjs(line: 87, language: JavaScript)'
gutentags: [job stderr]: 'ctags: Notice: ignoring null tag in /run/media/lsq/winD/tmp/node.js/axios-example/node_modules/prettier/plugins/yaml.mjs(line: 87, language: JavaScript)'
gutentags: [job stderr]: 'ctags: Notice: ignoring null tag in /run/media/lsq/winD/tmp/node.js/axios-example/node_modules/prettier/plugins/yaml.mjs(line: 97, language: JavaScript)'
gutentags: [job stderr]: 'ctags: Notice: ignoring null tag in /run/media/lsq/winD/tmp/node.js/axios-example/node_modules/prettier/plugins/yaml.mjs(line: 104, language: JavaScript)'
gutentags: [job stderr]: 'ctags: Notice: ignoring null tag in /run/media/lsq/winD/tmp/node.js/axios-example/node_modules/prettier/plugins/yaml.mjs(line: 104, language: JavaScript)'
gutentags: [job stderr]: 'ctags: Notice: ignoring null tag in /run/media/lsq/winD/tmp/node.js/axios-example/node_modules/prettier/plugins/yaml.mjs(line: 104, language: JavaScript)'
gutentags: [job stderr]: 'ctags: Notice: ignoring null tag in /run/media/lsq/winD/tmp/node.js/axios-example/node_modules/prettier/plugins/yaml.mjs(line: 104, language: JavaScript)'
gutentags: [job stderr]: 'ctags: Notice: ignoring null tag in /run/media/lsq/winD/tmp/node.js/axios-example/node_modules/prettier/plugins/yaml.mjs(line: 145, language: JavaScript)'
gutentags: [job stderr]: 'ctags: Notice: ignoring null tag in /run/media/lsq/winD/tmp/node.js/axios-example/node_modules/prettier/plugins/yaml.mjs(line: 149, language: JavaScript)'
gutentags: [job stderr]: 'ctags: Notice: ignoring null tag in /run/media/lsq/winD/tmp/node.js/axios-example/node_modules/prettier/plugins/yaml.mjs(line: 153, language: JavaScript)'
gutentags: [job stderr]: 'ctags: Notice: ignoring null tag in /run/media/lsq/winD/tmp/node.js/axios-example/node_modules/prettier/plugins/yaml.mjs(line: 155, language: JavaScript)'
gutentags: [job stderr]: 'ctags: Notice: ignoring null tag in /run/media/lsq/winD/tmp/node.js/axios-example/node_modules/prettier/plugins/yaml.mjs(line: 155, language: JavaScript)'
gutentags: [job stderr]: 'ctags: Notice: ignoring null tag in /run/media/lsq/winD/tmp/node.js/axios-example/node_modules/prettier/plugins/yaml.mjs(line: 155, language: JavaScript)'
gutentags: [job stderr]: 'ctags: Notice: ignoring null tag in /run/media/lsq/winD/tmp/node.js/axios-example/node_modules/prettier/plugins/yaml.mjs(line: 155, language: JavaScript)'
gutentags: [job stderr]: 'ctags: Notice: ignoring null tag in /run/media/lsq/winD/tmp/node.js/axios-example/node_modules/prettier/plugins/yaml.mjs(line: 155, language: JavaScript)'
gutentags: [job stderr]: 'ctags: Notice: ignoring null tag in /run/media/lsq/winD/tmp/node.js/axios-example/node_modules/prettier/plugins/yaml.mjs(line: 155, language: JavaScript)'
gutentags: [job stderr]: 'ctags: Notice: ignoring null tag in /run/media/lsq/winD/tmp/node.js/axios-example/node_modules/prettier/plugins/yaml.mjs(line: 157, language: JavaScript)'
gutentags: [job stderr]: 'ctags: Notice: ignoring null tag in /run/media/lsq/winD/tmp/node.js/axios-example/node_modules/prettier/plugins/yaml.mjs(line: 157, language: JavaScript)'
gutentags: [job stderr]: 'ctags: Notice: ignoring null tag in /run/media/lsq/winD/tmp/node.js/axios-example/node_modules/prettier/plugins/yaml.mjs(line: 157, language: JavaScript)'
gutentags: [job stderr]: 'ctags: Notice: ignoring null tag in /run/media/lsq/winD/tmp/node.js/axios-example/node_modules/prettier/plugins/yaml.mjs(line: 157, language: JavaScript)'
gutentags: [job stderr]: 'ctags: Notice: ignoring null tag in /run/media/lsq/winD/tmp/node.js/axios-example/node_modules/prettier/plugins/yaml.mjs(line: 157, language: JavaScript)'
gutentags: [job stderr]: 'ctags: Notice: ignoring null tag in /run/media/lsq/winD/tmp/node.js/axios-example/node_modules/prettier/plugins/yaml.mjs(line: 158, language: JavaScript)'
gutentags: [job stderr]: 'ctags: Notice: ignoring null tag in /run/media/lsq/winD/tmp/node.js/axios-example/node_modules/prettier/plugins/yaml.mjs(line: 158, language: JavaScript)'
gutentags: [job stderr]: 'ctags: Notice: ignoring null tag in /run/media/lsq/winD/tmp/node.js/axios-example/node_modules/prettier/plugins/yaml.mjs(line: 158, language: JavaScript)'
gutentags: [job stderr]: 'ctags: Notice: ignoring null tag in /run/media/lsq/winD/tmp/node.js/axios-example/node_modules/prettier/plugins/yaml.mjs(line: 158, language: JavaScript)'
gutentags: [job stderr]: 'ctags: Notice: ignoring null tag in /run/media/lsq/winD/tmp/node.js/axios-example/node_modules/prettier/plugins/yaml.mjs(line: 158, language: JavaScript)'
gutentags: [job stderr]: 'ctags: Notice: ignoring null tag in /run/media/lsq/winD/tmp/node.js/axios-example/node_modules/prettier/plugins/yaml.mjs(line: 158, language: JavaScript)'
gutentags: [job stderr]: 'ctags: Notice: ignoring null tag in /run/media/lsq/winD/tmp/node.js/axios-example/node_modules/prettier/plugins/yaml.mjs(line: 158, language: JavaScript)'
gutentags: [job stderr]: 'ctags: Notice: ignoring null tag in /run/media/lsq/winD/tmp/node.js/axios-example/node_modules/prettier/plugins/yaml.mjs(line: 158, language: JavaScript)'
gutentags: [job stderr]: 'ctags: Notice: ignoring null tag in /run/media/lsq/winD/tmp/node.js/axios-example/node_modules/prettier/plugins/yaml.mjs(line: 158, language: JavaScript)'
gutentags: [job stderr]: 'ctags: Notice: ignoring null tag in /run/media/lsq/winD/tmp/node.js/axios-example/node_modules/prettier/plugins/yaml.mjs(line: 158, language: JavaScript)'
gutentags: [job stderr]: 'ctags: Notice: ignoring null tag in /run/media/lsq/winD/tmp/node.js/axios-example/node_modules/prettier/plugins/yaml.mjs(line: 158, language: JavaScript)'
gutentags: [job stderr]: 'ctags: Notice: ignoring null tag in /run/media/lsq/winD/tmp/node.js/axios-example/node_modules/prettier/plugins/yaml.mjs(line: 158, language: JavaScript)'
gutentags: [job stderr]: 'ctags: Notice: ignoring null tag in /run/media/lsq/winD/tmp/node.js/axios-example/node_modules/prettier/plugins/yaml.mjs(line: 158, language: JavaScript)'
gutentags: [job stderr]: 'ctags: Notice: ignoring null tag in /run/media/lsq/winD/tmp/node.js/axios-example/node_modules/prettier/plugins/yaml.mjs(line: 158, language: JavaScript)'
gutentags: [job stderr]: 'ctags: Notice: ignoring null tag in /run/media/lsq/winD/tmp/node.js/axios-example/node_modules/prettier/plugins/yaml.mjs(line: 158, language: JavaScript)'
gutentags: [job stderr]: 'ctags: Notice: ignoring null tag in /run/media/lsq/winD/tmp/node.js/axios-example/node_modules/prettier/plugins/yaml.mjs(line: 158, language: JavaScript)'
gutentags: [job stderr]: 'ctags: Notice: ignoring null tag in /run/media/lsq/winD/tmp/node.js/axios-example/node_modules/prettier/plugins/yaml.mjs(line: 158, language: JavaScript)'
gutentags: [job stderr]: 'ctags: Notice: ignoring null tag in /run/media/lsq/winD/tmp/node.js/axios-example/node_modules/prettier/plugins/yaml.mjs(line: 158, language: JavaScript)'
gutentags: [job stderr]: 'ctags: Notice: ignoring null tag in /run/media/lsq/winD/tmp/node.js/axios-example/node_modules/prettier/plugins/yaml.mjs(line: 158, language: JavaScript)'
gutentags: [job stderr]: 'ctags: Notice: ignoring null tag in /run/media/lsq/winD/tmp/node.js/axios-example/node_modules/prettier/plugins/yaml.mjs(line: 158, language: JavaScript)'
gutentags: [job stderr]: 'ctags: Notice: ignoring null tag in /run/media/lsq/winD/tmp/node.js/axios-example/node_modules/prettier/plugins/yaml.mjs(line: 158, language: JavaScript)'
gutentags: [job stderr]: 'ctags: Notice: ignoring null tag in /run/media/lsq/winD/tmp/node.js/axios-example/node_modules/prettier/plugins/yaml.mjs(line: 158, language: JavaScript)'
gutentags: [job stderr]: 'ctags: Notice: ignoring null tag in /run/media/lsq/winD/tmp/node.js/axios-example/node_modules/prettier/plugins/yaml.mjs(line: 158, language: JavaScript)'
gutentags: [job stderr]: 'ctags: Notice: ignoring null tag in /run/media/lsq/winD/tmp/node.js/axios-example/node_modules/prettier/plugins/yaml.mjs(line: 158, language: JavaScript)'
gutentags: [job stderr]: 'ctags: Notice: ignoring null tag in /run/media/lsq/winD/tmp/node.js/axios-example/node_modules/prettier/plugins/yaml.mjs(line: 158, language: JavaScript)'
gutentags: [job stderr]: 'ctags: Notice: ignoring null tag in /run/media/lsq/winD/tmp/node.js/axios-example/node_modules/prettier/plugins/yaml.mjs(line: 158, language: JavaScript)'
gutentags: [job stderr]: 'ctags: Notice: ignoring null tag in /run/media/lsq/winD/tmp/node.js/axios-example/node_modules/prettier/plugins/yaml.mjs(line: 158, language: JavaScript)'
gutentags: [job stderr]: 'ctags: Notice: ignoring null tag in /run/media/lsq/winD/tmp/node.js/axios-example/node_modules/prettier/plugins/yaml.mjs(line: 158, language: JavaScript)'
gutentags: [job stderr]: 'ctags: Notice: ignoring null tag in /run/media/lsq/winD/tmp/node.js/axios-example/node_modules/prettier/plugins/yaml.mjs(line: 158, language: JavaScript)'
gutentags: [job stderr]: 'ctags: Notice: ignoring null tag in /run/media/lsq/winD/tmp/node.js/axios-example/node_modules/prettier/plugins/yaml.mjs(line: 159, language: JavaScript)'
gutentags: [job stderr]: 'ctags: Notice: ignoring null tag in /run/media/lsq/winD/tmp/node.js/axios-example/node_modules/prettier/plugins/yaml.mjs(line: 159, language: JavaScript)'
gutentags: [job stderr]: 'ctags: Notice: ignoring null tag in /run/media/lsq/winD/tmp/node.js/axios-example/node_modules/prettier/standalone.js(line: 1, language: JavaScript)'
gutentags: [job stderr]: 'ctags: Notice: ignoring null tag in /run/media/lsq/winD/tmp/node.js/axios-example/node_modules/prettier/standalone.js(line: 1, language: JavaScript)'
gutentags: [job stderr]: 'ctags: Notice: ignoring null tag in /run/media/lsq/winD/tmp/node.js/axios-example/node_modules/prettier/standalone.js(line: 1, language: JavaScript)'
gutentags: [job stderr]: 'ctags: Notice: ignoring null tag in /run/media/lsq/winD/tmp/node.js/axios-example/node_modules/prettier/standalone.js(line: 1, language: JavaScript)'
gutentags: [job stderr]: 'ctags: Notice: ignoring null tag in /run/media/lsq/winD/tmp/node.js/axios-example/node_modules/prettier/standalone.js(line: 1, language: JavaScript)'
gutentags: [job stderr]: 'ctags: Notice: ignoring null tag in /run/media/lsq/winD/tmp/node.js/axios-example/node_modules/prettier/standalone.js(line: 1, language: JavaScript)'
gutentags: [job stderr]: 'ctags: Notice: ignoring null tag in /run/media/lsq/winD/tmp/node.js/axios-example/node_modules/prettier/standalone.js(line: 1, language: JavaScript)'
gutentags: [job stderr]: 'ctags: Notice: ignoring null tag in /run/media/lsq/winD/tmp/node.js/axios-example/node_modules/prettier/standalone.js(line: 1, language: JavaScript)'
gutentags: [job stderr]: 'ctags: Notice: ignoring null tag in /run/media/lsq/winD/tmp/node.js/axios-example/node_modules/prettier/standalone.js(line: 1, language: JavaScript)'
gutentags: [job stderr]: 'ctags: Notice: ignoring null tag in /run/media/lsq/winD/tmp/node.js/axios-example/node_modules/prettier/standalone.js(line: 1, language: JavaScript)'
gutentags: [job stderr]: 'ctags: Notice: ignoring null tag in /run/media/lsq/winD/tmp/node.js/axios-example/node_modules/prettier/standalone.js(line: 1, language: JavaScript)'
gutentags: [job stderr]: 'ctags: Notice: ignoring null tag in /run/media/lsq/winD/tmp/node.js/axios-example/node_modules/prettier/standalone.js(line: 1, language: JavaScript)'
gutentags: [job stderr]: 'ctags: Notice: ignoring null tag in /run/media/lsq/winD/tmp/node.js/axios-example/node_modules/prettier/standalone.js(line: 1, language: JavaScript)'
gutentags: [job stderr]: 'ctags: Notice: ignoring null tag in /run/media/lsq/winD/tmp/node.js/axios-example/node_modules/prettier/standalone.js(line: 1, language: JavaScript)'
gutentags: [job stderr]: 'ctags: Notice: ignoring null tag in /run/media/lsq/winD/tmp/node.js/axios-example/node_modules/prettier/standalone.js(line: 1, language: JavaScript)'
gutentags: [job stderr]: 'ctags: Notice: ignoring null tag in /run/media/lsq/winD/tmp/node.js/axios-example/node_modules/prettier/standalone.js(line: 1, language: JavaScript)'
gutentags: [job stderr]: 'ctags: Notice: ignoring null tag in /run/media/lsq/winD/tmp/node.js/axios-example/node_modules/prettier/standalone.js(line: 1, language: JavaScript)'
gutentags: [job stderr]: 'ctags: Notice: ignoring null tag in /run/media/lsq/winD/tmp/node.js/axios-example/node_modules/prettier/standalone.js(line: 1, language: JavaScript)'
gutentags: [job stderr]: 'ctags: Notice: ignoring null tag in /run/media/lsq/winD/tmp/node.js/axios-example/node_modules/prettier/standalone.js(line: 1, language: JavaScript)'
gutentags: [job stderr]: 'ctags: Notice: ignoring null tag in /run/media/lsq/winD/tmp/node.js/axios-example/node_modules/prettier/standalone.js(line: 1, language: JavaScript)'
gutentags: [job stderr]: 'ctags: Notice: ignoring null tag in /run/media/lsq/winD/tmp/node.js/axios-example/node_modules/prettier/standalone.js(line: 1, language: JavaScript)'
gutentags: [job stderr]: 'ctags: Notice: ignoring null tag in /run/media/lsq/winD/tmp/node.js/axios-example/node_modules/prettier/standalone.js(line: 1, language: JavaScript)'
gutentags: [job stderr]: 'ctags: Notice: ignoring null tag in /run/media/lsq/winD/tmp/node.js/axios-example/node_modules/prettier/standalone.js(line: 1, language: JavaScript)'
gutentags: [job stderr]: 'ctags: Notice: ignoring null tag in /run/media/lsq/winD/tmp/node.js/axios-example/node_modules/prettier/standalone.js(line: 1, language: JavaScript)'
gutentags: [job stderr]: 'ctags: Notice: ignoring null tag in /run/media/lsq/winD/tmp/node.js/axios-example/node_modules/prettier/standalone.js(line: 12, language: JavaScript)'
gutentags: [job stderr]: 'ctags: Notice: ignoring null tag in /run/media/lsq/winD/tmp/node.js/axios-example/node_modules/prettier/standalone.mjs(line: 1, language: JavaScript)'
gutentags: [job stderr]: 'ctags: Notice: ignoring null tag in /run/media/lsq/winD/tmp/node.js/axios-example/node_modules/prettier/standalone.mjs(line: 1, language: JavaScript)'
gutentags: [job stderr]: 'ctags: Notice: ignoring null tag in /run/media/lsq/winD/tmp/node.js/axios-example/node_modules/prettier/standalone.mjs(line: 1, language: JavaScript)'
gutentags: [job stderr]: 'ctags: Notice: ignoring null tag in /run/media/lsq/winD/tmp/node.js/axios-example/node_modules/prettier/standalone.mjs(line: 1, language: JavaScript)'
gutentags: [job stderr]: 'ctags: Notice: ignoring null tag in /run/media/lsq/winD/tmp/node.js/axios-example/node_modules/prettier/standalone.mjs(line: 1, language: JavaScript)'
gutentags: [job stderr]: 'ctags: Notice: ignoring null tag in /run/media/lsq/winD/tmp/node.js/axios-example/node_modules/prettier/standalone.mjs(line: 1, language: JavaScript)'
gutentags: [job stderr]: 'ctags: Notice: ignoring null tag in /run/media/lsq/winD/tmp/node.js/axios-example/node_modules/prettier/standalone.mjs(line: 1, language: JavaScript)'
gutentags: [job stderr]: 'ctags: Notice: ignoring null tag in /run/media/lsq/winD/tmp/node.js/axios-example/node_modules/prettier/standalone.mjs(line: 1, language: JavaScript)'
gutentags: [job stderr]: 'ctags: Notice: ignoring null tag in /run/media/lsq/winD/tmp/node.js/axios-example/node_modules/prettier/standalone.mjs(line: 1, language: JavaScript)'
gutentags: [job stderr]: 'ctags: Notice: ignoring null tag in /run/media/lsq/winD/tmp/node.js/axios-example/node_modules/prettier/standalone.mjs(line: 1, language: JavaScript)'
gutentags: [job stderr]: 'ctags: Notice: ignoring null tag in /run/media/lsq/winD/tmp/node.js/axios-example/node_modules/prettier/standalone.mjs(line: 1, language: JavaScript)'
gutentags: [job stderr]: 'ctags: Notice: ignoring null tag in /run/media/lsq/winD/tmp/node.js/axios-example/node_modules/prettier/standalone.mjs(line: 1, language: JavaScript)'
gutentags: [job stderr]: 'ctags: Notice: ignoring null tag in /run/media/lsq/winD/tmp/node.js/axios-example/node_modules/prettier/standalone.mjs(line: 1, language: JavaScript)'
gutentags: [job stderr]: 'ctags: Notice: ignoring null tag in /run/media/lsq/winD/tmp/node.js/axios-example/node_modules/prettier/standalone.mjs(line: 1, language: JavaScript)'
gutentags: [job stderr]: 'ctags: Notice: ignoring null tag in /run/media/lsq/winD/tmp/node.js/axios-example/node_modules/prettier/standalone.mjs(line: 1, language: JavaScript)'
gutentags: [job stderr]: 'ctags: Notice: ignoring null tag in /run/media/lsq/winD/tmp/node.js/axios-example/node_modules/prettier/standalone.mjs(line: 1, language: JavaScript)'
gutentags: [job stderr]: 'ctags: Notice: ignoring null tag in /run/media/lsq/winD/tmp/node.js/axios-example/node_modules/prettier/standalone.mjs(line: 1, language: JavaScript)'
gutentags: [job stderr]: 'ctags: Notice: ignoring null tag in /run/media/lsq/winD/tmp/node.js/axios-example/node_modules/prettier/standalone.mjs(line: 1, language: JavaScript)'
gutentags: [job stderr]: 'ctags: Notice: ignoring null tag in /run/media/lsq/winD/tmp/node.js/axios-example/node_modules/prettier/standalone.mjs(line: 1, language: JavaScript)'
gutentags: [job stderr]: 'ctags: Notice: ignoring null tag in /run/media/lsq/winD/tmp/node.js/axios-example/node_modules/prettier/standalone.mjs(line: 1, language: JavaScript)'
gutentags: [job stderr]: 'ctags: Notice: ignoring null tag in /run/media/lsq/winD/tmp/node.js/axios-example/node_modules/prettier/standalone.mjs(line: 1, language: JavaScript)'
gutentags: [job stderr]: 'ctags: Notice: ignoring null tag in /run/media/lsq/winD/tmp/node.js/axios-example/node_modules/prettier/standalone.mjs(line: 1, language: JavaScript)'
gutentags: [job stderr]: 'ctags: Notice: ignoring null tag in /run/media/lsq/winD/tmp/node.js/axios-example/node_modules/prettier/standalone.mjs(line: 1, language: JavaScript)'
gutentags: [job stderr]: 'ctags: Notice: ignoring null tag in /run/media/lsq/winD/tmp/node.js/axios-example/node_modules/prettier/standalone.mjs(line: 1, language: JavaScript)'
gutentags: [job stderr]: 'ctags: Notice: ignoring null tag in /run/media/lsq/winD/tmp/node.js/axios-example/node_modules/prettier/standalone.mjs(line: 6, language: JavaScript)'
gutentags: [job stderr]: 'ctags: Notice: ignoring null tag in /run/media/lsq/winD/tmp/node.js/axios-example/node_modules/prettier/standalone.mjs(line: 12, language: JavaScript)'
gutentags: [job stderr]: 'ctags: Notice: ignoring null tag in /run/media/lsq/winD/tmp/node.js/axios-example/node_modules/prettier/standalone.mjs(line: 12, language: JavaScript)'
gutentags: [job stderr]: 'ctags: Notice: ignoring null tag in /run/media/lsq/winD/tmp/node.js/axios-example/node_modules/prettier/standalone.mjs(line: 12, language: JavaScript)'
gutentags: [job stderr]: 'ctags: Notice: ignoring null tag in /run/media/lsq/winD/tmp/node.js/axios-example/node_modules/prettier/standalone.mjs(line: 12, language: JavaScript)'
gutentags: [job stderr]: 'ctags: Notice: ignoring null tag in /run/media/lsq/winD/tmp/node.js/axios-example/node_modules/prettier/standalone.mjs(line: 12, language: JavaScript)'
gutentags: [job stderr]: 'ctags: Notice: ignoring null tag in /run/media/lsq/winD/tmp/node.js/axios-example/node_modules/prettier/standalone.mjs(line: 12, language: JavaScript)'
gutentags: [job stderr]: 'ctags: Notice: ignoring null tag in /run/media/lsq/winD/tmp/node.js/axios-example/node_modules/prettier/standalone.mjs(line: 12, language: JavaScript)'
gutentags: [job stderr]: 'ctags: Notice: ignoring null tag in /run/media/lsq/winD/tmp/node.js/axios-example/node_modules/prettier/standalone.mjs(line: 12, language: JavaScript)'
gutentags: [job stderr]: 'ctags: Notice: ignoring null tag in /run/media/lsq/winD/tmp/node.js/axios-example/node_modules/prettier/standalone.mjs(line: 12, language: JavaScript)'
gutentags: [job stderr]: 'ctags: Notice: ignoring null tag in /run/media/lsq/winD/tmp/node.js/axios-example/node_modules/prettier/standalone.mjs(line: 15, language: JavaScript)'
gutentags: [job stderr]: 'ctags: Notice: ignoring null tag in /run/media/lsq/winD/tmp/node.js/axios-example/node_modules/prettier/standalone.mjs(line: 18, language: JavaScript)'
gutentags: [job stderr]: 'ctags: Notice: ignoring null tag in /run/media/lsq/winD/tmp/node.js/axios-example/node_modules/prettier/standalone.mjs(line: 18, language: JavaScript)'
gutentags: [job stderr]: 'ctags: Notice: ignoring null tag in /run/media/lsq/winD/tmp/node.js/axios-example/node_modules/prettier/standalone.mjs(line: 18, language: JavaScript)'
gutentags: [job stderr]: 'ctags: Notice: ignoring null tag in /run/media/lsq/winD/tmp/node.js/axios-example/node_modules/typescript/lib/typescript.js(line: 169479, language: JavaScript)'
gutentags: [job stderr]: 'ctags: Notice: ignoring null tag in /run/media/lsq/winD/tmp/node.js/axios-example/node_modules/typescript/lib/typescript.js(line: 189064, language: JavaScript)'
gutentags: [job stderr]: 'ctags: Notice: ignoring null tag in /run/media/lsq/winD/tmp/node.js/axios-example/node_modules/typescript/lib/typescript.js(line: 189064, language: JavaScript)'
gutentags: [job stderr]: 'ctags: Notice: ignoring null tag in /run/media/lsq/winD/tmp/node.js/axios-example/node_modules/typescript/lib/typescript.js(line: 189064, language: JavaScript)'
gutentags: [job stderr]: 'ctags: Notice: ignoring null tag in /run/media/lsq/winD/tmp/node.js/axios-example/node_modules/typescript/lib/typescript.js(line: 189064, language: JavaScript)'
gutentags: [job stderr]: 'ctags: Notice: ignoring null tag in /run/media/lsq/winD/tmp/node.js/axios-example/node_modules/typescript/lib/typescript.js(line: 189064, language: JavaScript)'
gutentags: [job stderr]: 'ctags: Warning: cannot open input file "/run/media/lsq/winD/tmp/node.js/axios-example/node_modules/webcrack" : No such file or directory'
gutentags: [job stderr]: 'ctags: Notice: ignoring null tag in /run/media/lsq/winD/tmp/node.js/axios-example/strTest-jiami.js(line: 150, language: JavaScript)'
gutentags: [job stderr]: 'ctags: Notice: ignoring null tag in /run/media/lsq/winD/tmp/node.js/axios-example/ifm.js(line: 313, language: JavaScript)'
gutentags: [job stderr]: 'ctags: Notice: ignoring null tag in /run/media/lsq/winD/tmp/node.js/axios-example/iframe.js(line: 191, language: JavaScript)'
gutentags: [job stdout]: 'Replacing tags file'
gutentags: [job stdout]: 'mv -f "/home/lsq/.cache/LeaderF/gtags/run-media-lsq-winD-tmp-node.js-axios-example-tags.temp" "/home/lsq/.cache/LeaderF/gtags/run-media-lsq-winD-tmp-node.js-axios-example-tags"'
gutentags: [job stdout]: 'Unlocking tags file...'
gutentags: [job stdout]: 'Done.'
gutentags: Finished ctags job.